Component: ARM Compiler 5.06 update 5 (build 528) Tool: armlink [4d35e2]

==============================================================================

Section Cross References

    startup_stm32h750xx.o(STACK) refers (Special) to heapauxi.o(.text) for __use_two_region_memory
    startup_stm32h750xx.o(HEAP) refers (Special) to heapauxi.o(.text) for __use_two_region_memory
    startup_stm32h750xx.o(RESET) refers (Special) to heapauxi.o(.text) for __use_two_region_memory
    startup_stm32h750xx.o(RESET) refers to startup_stm32h750xx.o(STACK) for __initial_sp
    startup_stm32h750xx.o(RESET) refers to startup_stm32h750xx.o(.text) for Reset_Handler
    startup_stm32h750xx.o(RESET) refers to stm32h7xx_it.o(i.NMI_Handler) for NMI_Handler
    startup_stm32h750xx.o(RESET) refers to stm32h7xx_it.o(i.HardFault_Handler) for HardFault_Handler
    startup_stm32h750xx.o(RESET) refers to stm32h7xx_it.o(i.MemManage_Handler) for MemManage_Handler
    startup_stm32h750xx.o(RESET) refers to stm32h7xx_it.o(i.BusFault_Handler) for BusFault_Handler
    startup_stm32h750xx.o(RESET) refers to stm32h7xx_it.o(i.UsageFault_Handler) for UsageFault_Handler
    startup_stm32h750xx.o(RESET) refers to stm32h7xx_it.o(i.SVC_Handler) for SVC_Handler
    startup_stm32h750xx.o(RESET) refers to stm32h7xx_it.o(i.DebugMon_Handler) for DebugMon_Handler
    startup_stm32h750xx.o(RESET) refers to stm32h7xx_it.o(i.PendSV_Handler) for PendSV_Handler
    startup_stm32h750xx.o(RESET) refers to stm32h7xx_it.o(i.SysTick_Handler) for SysTick_Handler
    startup_stm32h750xx.o(RESET) refers to stm32h7xx_it.o(i.EXTI2_IRQHandler) for EXTI2_IRQHandler
    startup_stm32h750xx.o(RESET) refers to stm32h7xx_it.o(i.EXTI3_IRQHandler) for EXTI3_IRQHandler
    startup_stm32h750xx.o(RESET) refers to stm32h7xx_it.o(i.DMA1_Stream0_IRQHandler) for DMA1_Stream0_IRQHandler
    startup_stm32h750xx.o(RESET) refers to stm32h7xx_it.o(i.ADC_IRQHandler) for ADC_IRQHandler
    startup_stm32h750xx.o(RESET) refers to stm32h7xx_it.o(i.TIM1_UP_IRQHandler) for TIM1_UP_IRQHandler
    startup_stm32h750xx.o(RESET) refers to stm32h7xx_it.o(i.UART4_IRQHandler) for UART4_IRQHandler
    startup_stm32h750xx.o(RESET) refers to stm32h7xx_it.o(i.UART5_IRQHandler) for UART5_IRQHandler
    startup_stm32h750xx.o(.text) refers (Special) to heapauxi.o(.text) for __use_two_region_memory
    startup_stm32h750xx.o(.text) refers to system_stm32h7xx.o(i.ExitRun0Mode) for ExitRun0Mode
    startup_stm32h750xx.o(.text) refers to system_stm32h7xx.o(i.SystemInit) for SystemInit
    startup_stm32h750xx.o(.text) refers to __main.o(!!!main) for __main
    startup_stm32h750xx.o(.text) refers to startup_stm32h750xx.o(HEAP) for Heap_Mem
    startup_stm32h750xx.o(.text) refers to startup_stm32h750xx.o(STACK) for Stack_Mem
    main.o(i.HAL_GPIO_EXTI_Callback) refers to delay.o(i.delay_ms) for delay_ms
    main.o(i.HAL_GPIO_EXTI_Callback) refers to stm32h7xx_hal_gpio.o(i.HAL_GPIO_ReadPin) for HAL_GPIO_ReadPin
    main.o(i.HAL_GPIO_EXTI_Callback) refers to stm32h7xx_hal_gpio.o(i.HAL_GPIO_TogglePin) for HAL_GPIO_TogglePin
    main.o(i.HAL_GPIO_EXTI_Callback) refers to serial.o(i.Screen_SendStr) for Screen_SendStr
    main.o(i.HAL_GPIO_EXTI_Callback) refers to key2.o(.data) for led2_status
    main.o(i.HAL_GPIO_EXTI_Callback) refers to key2.o(.data) for led1_status
    main.o(i.SystemClock_Config) refers to rt_memclr_w.o(.text) for __aeabi_memclr4
    main.o(i.SystemClock_Config) refers to stm32h7xx_hal_pwr_ex.o(i.HAL_PWREx_ConfigSupply) for HAL_PWREx_ConfigSupply
    main.o(i.SystemClock_Config) refers to stm32h7xx_hal_rcc.o(i.HAL_RCC_OscConfig) for HAL_RCC_OscConfig
    main.o(i.SystemClock_Config) refers to stm32h7xx_hal_rcc.o(i.HAL_RCC_ClockConfig) for HAL_RCC_ClockConfig
    main.o(i.main) refers to stm32h7xx_hal_cortex.o(i.HAL_MPU_Disable) for HAL_MPU_Disable
    main.o(i.main) refers to stm32h7xx_hal_cortex.o(i.HAL_MPU_ConfigRegion) for HAL_MPU_ConfigRegion
    main.o(i.main) refers to stm32h7xx_hal_cortex.o(i.HAL_MPU_Enable) for HAL_MPU_Enable
    main.o(i.main) refers to stm32h7xx_hal.o(i.HAL_Init) for HAL_Init
    main.o(i.main) refers to main.o(i.SystemClock_Config) for SystemClock_Config
    main.o(i.main) refers to gpio.o(i.MX_GPIO_Init) for MX_GPIO_Init
    main.o(i.main) refers to dma.o(i.MX_DMA_Init) for MX_DMA_Init
    main.o(i.main) refers to usart.o(i.MX_UART4_Init) for MX_UART4_Init
    main.o(i.main) refers to usart.o(i.MX_UART5_Init) for MX_UART5_Init
    main.o(i.main) refers to adc.o(i.MX_ADC1_Init) for MX_ADC1_Init
    main.o(i.main) refers to tim.o(i.MX_TIM1_Init) for MX_TIM1_Init
    main.o(i.main) refers to tim.o(i.MX_TIM2_Init) for MX_TIM2_Init
    main.o(i.main) refers to stm32h7xx_hal_tim.o(i.HAL_TIM_Base_Start) for HAL_TIM_Base_Start
    main.o(i.main) refers to stm32h7xx_hal_adc.o(i.HAL_ADC_Start_DMA) for HAL_ADC_Start_DMA
    main.o(i.main) refers to delay.o(i.delay_init) for delay_init
    main.o(i.main) refers to delay.o(i.delay_ms) for delay_ms
[...]
    BDMA_Channel5_IRQHandler                 0x08000403   Thumb Code     0  startup_stm32h750xx.o(.text)
    BDMA_Channel6_IRQHandler                 0x08000403   Thumb Code     0  startup_stm32h750xx.o(.text)
    BDMA_Channel7_IRQHandler                 0x08000403   Thumb Code     0  startup_stm32h750xx.o(.text)
    CEC_IRQHandler                           0x08000403   Thumb Code     0  startup_stm32h750xx.o(.text)
    COMP1_IRQHandler                         0x08000403   Thumb Code     0  startup_stm32h750xx.o(.text)
    CRS_IRQHandler                           0x08000403   Thumb Code     0  startup_stm32h750xx.o(.text)
    CRYP_IRQHandler                          0x08000403   Thumb Code     0  startup_stm32h750xx.o(.text)
    DCMI_IRQHandler                          0x08000403   Thumb Code     0  startup_stm32h750xx.o(.text)
    DFSDM1_FLT0_IRQHandler                   0x08000403   Thumb Code     0  startup_stm32h750xx.o(.text)
    DFSDM1_FLT1_IRQHandler                   0x08000403   Thumb Code     0  startup_stm32h750xx.o(.text)
    DFSDM1_FLT2_IRQHandler                   0x08000403   Thumb Code     0  startup_stm32h750xx.o(.text)
    DFSDM1_FLT3_IRQHandler                   0x08000403   Thumb Code     0  startup_stm32h750xx.o(.text)
    DMA1_Stream1_IRQHandler                  0x08000403   Thumb Code     0  startup_stm32h750xx.o(.text)
    DMA1_Stream2_IRQHandler                  0x08000403   Thumb Code     0  startup_stm32h750xx.o(.text)
    DMA1_Stream3_IRQHandler                  0x08000403   Thumb Code     0  startup_stm32h750xx.o(.text)
    DMA1_Stream4_IRQHandler                  0x08000403   Thumb Code     0  startup_stm32h750xx.o(.text)
    DMA1_Stream5_IRQHandler                  0x08000403   Thumb Code     0  startup_stm32h750xx.o(.text)
    DMA1_Stream6_IRQHandler                  0x08000403   Thumb Code     0  startup_stm32h750xx.o(.text)
    DMA1_Stream7_IRQHandler                  0x08000403   Thumb Code     0  startup_stm32h750xx.o(.text)
    DMA2D_IRQHandler                         0x08000403   Thumb Code     0  startup_stm32h750xx.o(.text)
    DMA2_Stream0_IRQHandler                  0x08000403   Thumb Code     0  startup_stm32h750xx.o(.text)
    DMA2_Stream1_IRQHandler                  0x08000403   Thumb Code     0  startup_stm32h750xx.o(.text)
    DMA2_Stream2_IRQHandler                  0x08000403   Thumb Code     0  startup_stm32h750xx.o(.text)
    DMA2_Stream3_IRQHandler                  0x08000403   Thumb Code     0  startup_stm32h750xx.o(.text)
    DMA2_Stream4_IRQHandler                  0x08000403   Thumb Code     0  startup_stm32h750xx.o(.text)
    DMA2_Stream5_IRQHandler                  0x08000403   Thumb Code     0  startup_stm32h750xx.o(.text)
    DMA2_Stream6_IRQHandler                  0x08000403   Thumb Code     0  startup_stm32h750xx.o(.text)
    DMA2_Stream7_IRQHandler                  0x08000403   Thumb Code     0  startup_stm32h750xx.o(.text)
    DMAMUX1_OVR_IRQHandler                   0x08000403   Thumb Code     0  startup_stm32h750xx.o(.text)
    DMAMUX2_OVR_IRQHandler                   0x08000403   Thumb Code     0  startup_stm32h750xx.o(.text)
    ECC_IRQHandler                           0x08000403   Thumb Code     0  startup_stm32h750xx.o(.text)
    ETH_IRQHandler                           0x08000403   Thumb Code     0  startup_stm32h750xx.o(.text)
    ETH_WKUP_IRQHandler                      0x08000403   Thumb Code     0  startup_stm32h750xx.o(.text)
    EXTI0_IRQHandler                         0x08000403   Thumb Code     0  startup_stm32h750xx.o(.text)
    EXTI15_10_IRQHandler                     0x08000403   Thumb Code     0  startup_stm32h750xx.o(.text)
    EXTI1_IRQHandler                         0x08000403   Thumb Code     0  startup_stm32h750xx.o(.text)
    EXTI4_IRQHandler                         0x08000403   Thumb Code     0  startup_stm32h750xx.o(.text)
    EXTI9_5_IRQHandler                       0x08000403   Thumb Code     0  startup_stm32h750xx.o(.text)
    FDCAN1_IT0_IRQHandler                    0x08000403   Thumb Code     0  startup_stm32h750xx.o(.text)
    FDCAN1_IT1_IRQHandler                    0x08000403   Thumb Code     0  startup_stm32h750xx.o(.text)
    FDCAN2_IT0_IRQHandler                    0x08000403   Thumb Code     0  startup_stm32h750xx.o(.text)
    FDCAN2_IT1_IRQHandler                    0x08000403   Thumb Code     0  startup_stm32h750xx.o(.text)
    FDCAN_CAL_IRQHandler                     0x08000403   Thumb Code     0  startup_stm32h750xx.o(.text)
    FLASH_IRQHandler                         0x08000403   Thumb Code     0  startup_stm32h750xx.o(.text)
    FMC_IRQHandler                           0x08000403   Thumb Code     0  startup_stm32h750xx.o(.text)
    FPU_IRQHandler                           0x08000403   Thumb Code     0  startup_stm32h750xx.o(.text)
    HASH_RNG_IRQHandler                      0x08000403   Thumb Code     0  startup_stm32h750xx.o(.text)
    HRTIM1_FLT_IRQHandler                    0x08000403   Thumb Code     0  startup_stm32h750xx.o(.text)
    HRTIM1_Master_IRQHandler                 0x08000403   Thumb Code     0  startup_stm32h750xx.o(.text)
    HRTIM1_TIMA_IRQHandler                   0x08000403   Thumb Code     0  startup_stm32h750xx.o(.text)
    HRTIM1_TIMB_IRQHandler                   0x08000403   Thumb Code     0  startup_stm32h750xx.o(.text)
    HRTIM1_TIMC_IRQHandler                   0x08000403   Thumb Code     0  startup_stm32h750xx.o(.text)
    HRTIM1_TIMD_IRQHandler                   0x08000403   Thumb Code     0  startup_stm32h750xx.o(.text)
    HRTIM1_TIME_IRQHandler                   0x08000403   Thumb Code     0  startup_stm32h750xx.o(.text)
    HSEM1_IRQHandler                         0x08000403   Thumb Code     0  startup_stm32h750xx.o(.text)
    I2C1_ER_IRQHandler                       0x08000403   Thumb Code     0  startup_stm32h750xx.o(.text)
    I2C1_EV_IRQHandler                       0x08000403   Thumb Code     0  startup_stm32h750xx.o(.text)
    I2C2_ER_IRQHandler                       0x08000403   Thumb Code     0  startup_stm32h750xx.o(.text)
    I2C2_EV_IRQHandler                       0x08000403   Thumb Code     0  startup_stm32h750xx.o(.text)
    I2C3_ER_IRQHandler                       0x08000403   Thumb Code     0  startup_stm32h750xx.o(.text)
    I2C3_EV_IRQHandler                       0x08000403   Thumb Code     0  startup_stm32h750xx.o(.text)
    I2C4_ER_IRQHandler                       0x08000403   Thumb Code     0  startup_stm32h750xx.o(.text)
    I2C4_EV_IRQHandler                       0x08000403   Thumb Code     0  startup_stm32h750xx.o(.text)
    JPEG_IRQHandler                          0x08000403   Thumb Code     0  startup_stm32h750xx.o(.text)
    LPTIM1_IRQHandler                        0x08000403   Thumb Code     0  startup_stm32h750xx.o(.text)
    LPTIM2_IRQHandler                        0x08000403   Thumb Code     0  startup_stm32h750xx.o(.text)
    LPTIM3_IRQHandler                        0x08000403   Thumb Code     0  startup_stm32h750xx.o(.text)
    LPTIM4_IRQHandler                        0x08000403   Thumb Code     0  startup_stm32h750xx.o(.text)
    LPTIM5_IRQHandler                        0x08000403   Thumb Code     0  startup_stm32h750xx.o(.text)
    LPUART1_IRQHandler                       0x08000403   Thumb Code     0  startup_stm32h750xx.o(.text)
    LTDC_ER_IRQHandler                       0x08000403   Thumb Code     0  startup_stm32h750xx.o(.text)
    LTDC_IRQHandler                          0x08000403   Thumb Code     0  startup_stm32h750xx.o(.text)
    MDIOS_IRQHandler                         0x08000403   Thumb Code     0  startup_stm32h750xx.o(.text)
    MDIOS_WKUP_IRQHandler                    0x08000403   Thumb Code     0  startup_stm32h750xx.o(.text)
    MDMA_IRQHandler                          0x08000403   Thumb Code     0  startup_stm32h750xx.o(.text)
    OTG_FS_EP1_IN_IRQHandler                 0x08000403   Thumb Code     0  startup_stm32h750xx.o(.text)
    OTG_FS_EP1_OUT_IRQHandler                0x08000403   Thumb Code     0  startup_stm32h750xx.o(.text)
    OTG_FS_IRQHandler                        0x08000403   Thumb Code     0  startup_stm32h750xx.o(.text)
    OTG_FS_WKUP_IRQHandler                   0x08000403   Thumb Code     0  startup_stm32h750xx.o(.text)
    OTG_HS_EP1_IN_IRQHandler                 0x08000403   Thumb Code     0  startup_stm32h750xx.o(.text)
    OTG_HS_EP1_OUT_IRQHandler                0x08000403   Thumb Code     0  startup_stm32h750xx.o(.text)
    OTG_HS_IRQHandler                        0x08000403   Thumb Code     0  startup_stm32h750xx.o(.text)
    OTG_HS_WKUP_IRQHandler                   0x08000403   Thumb Code     0  startup_stm32h750xx.o(.text)
    PVD_AVD_IRQHandler                       0x08000403   Thumb Code     0  startup_stm32h750xx.o(.text)
    QUADSPI_IRQHandler                       0x08000403   Thumb Code     0  startup_stm32h750xx.o(.text)
    RCC_IRQHandler                           0x08000403   Thumb Code     0  startup_stm32h750xx.o(.text)
    RTC_Alarm_IRQHandler                     0x08000403   Thumb Code     0  startup_stm32h750xx.o(.text)
    RTC_WKUP_IRQHandler                      0x08000403   Thumb Code     0  startup_stm32h750xx.o(.text)
    SAI1_IRQHandler                          0x08000403   Thumb Code     0  startup_stm32h750xx.o(.text)
    SAI2_IRQHandler                          0x08000403   Thumb Code     0  startup_stm32h750xx.o(.text)
    SAI3_IRQHandler                          0x08000403   Thumb Code     0  startup_stm32h750xx.o(.text)
    SAI4_IRQHandler                          0x08000403   Thumb Code     0  startup_stm32h750xx.o(.text)
    SDMMC1_IRQHandler                        0x08000403   Thumb Code     0  startup_stm32h750xx.o(.text)
    SDMMC2_IRQHandler                        0x08000403   Thumb Code     0  startup_stm32h750xx.o(.text)
    SPDIF_RX_IRQHandler                      0x08000403   Thumb Code     0  startup_stm32h750xx.o(.text)
    SPI1_IRQHandler                          0x08000403   Thumb Code     0  startup_stm32h750xx.o(.text)
    SPI2_IRQHandler                          0x08000403   Thumb Code     0  startup_stm32h750xx.o(.text)
    SPI3_IRQHandler                          0x08000403   Thumb Code     0  startup_stm32h750xx.o(.text)
    SPI4_IRQHandler                          0x08000403   Thumb Code     0  startup_stm32h750xx.o(.text)
    SPI5_IRQHandler                          0x08000403   Thumb Code     0  startup_stm32h750xx.o(.text)
    SPI6_IRQHandler                          0x08000403   Thumb Code     0  startup_stm32h750xx.o(.text)
    SWPMI1_IRQHandler                        0x08000403   Thumb Code     0  startup_stm32h750xx.o(.text)
    TAMP_STAMP_IRQHandler                    0x08000403   Thumb Code     0  startup_stm32h750xx.o(.text)
    TIM15_IRQHandler                         0x08000403   Thumb Code     0  startup_stm32h750xx.o(.text)
    TIM16_IRQHandler                         0x08000403   Thumb Code     0  startup_stm32h750xx.o(.text)
    TIM17_IRQHandler                         0x08000403   Thumb Code     0  startup_stm32h750xx.o(.text)
    TIM1_BRK_IRQHandler                      0x08000403   Thumb Code     0  startup_stm32h750xx.o(.text)
    TIM1_CC_IRQHandler                       0x08000403   Thumb Code     0  startup_stm32h750xx.o(.text)
    TIM1_TRG_COM_IRQHandler                  0x08000403   Thumb Code     0  startup_stm32h750xx.o(.text)
    TIM2_IRQHandler                          0x08000403   Thumb Code     0  startup_stm32h750xx.o(.text)
    TIM3_IRQHandler                          0x08000403   Thumb Code     0  startup_stm32h750xx.o(.text)
    TIM4_IRQHandler                          0x08000403   Thumb Code     0  startup_stm32h750xx.o(.text)
    TIM5_IRQHandler                          0x08000403   Thumb Code     0  startup_stm32h750xx.o(.text)
    TIM6_DAC_IRQHandler                      0x08000403   Thumb Code     0  startup_stm32h750xx.o(.text)
    TIM7_IRQHandler                          0x08000403   Thumb Code     0  startup_stm32h750xx.o(.text)
    TIM8_BRK_TIM12_IRQHandler                0x08000403   Thumb Code     0  startup_stm32h750xx.o(.text)
    TIM8_CC_IRQHandler                       0x08000403   Thumb Code     0  startup_stm32h750xx.o(.text)
    TIM8_TRG_COM_TIM14_IRQHandler            0x08000403   Thumb Code     0  startup_stm32h750xx.o(.text)
    TIM8_UP_TIM13_IRQHandler                 0x08000403   Thumb Code     0  startup_stm32h750xx.o(.text)
    UART7_IRQHandler                         0x08000403   Thumb Code     0  startup_stm32h750xx.o(.text)
    UART8_IRQHandler                         0x08000403   Thumb Code     0  startup_stm32h750xx.o(.text)
    USART1_IRQHandler                        0x08000403   Thumb Code     0  startup_stm32h750xx.o(.text)
    USART2_IRQHandler                        0x08000403   Thumb Code     0  startup_stm32h750xx.o(.text)
    USART3_IRQHandler                        0x08000403   Thumb Code     0  startup_stm32h750xx.o(.text)
    USART6_IRQHandler                        0x08000403   Thumb Code     0  startup_stm32h750xx.o(.text)
    WAKEUP_PIN_IRQHandler                    0x08000403   Thumb Code     0  startup_stm32h750xx.o(.text)
    WWDG_IRQHandler                          0x08000403   Thumb Code     0  startup_stm32h750xx.o(.text)
    __user_initial_stackheap                 0x08000405   Thumb Code     0  startup_stm32h750xx.o(.text)
    __aeabi_uldivmod                         0x0800042d   Thumb Code     0  lludivv7m.o(.text)
    _ll_udiv                                 0x0800042d   Thumb Code   238  lludivv7m.o(.text)
    vsprintf                                 0x0800051d   Thumb Code    32  vsprintf.o(.text)
    __aeabi_memclr4                          0x08000541   Thumb Code     0  rt_memclr_w.o(.text)
    __aeabi_memclr8                          0x08000541   Thumb Code     0  rt_memclr_w.o(.text)
    __rt_memclr_w                            0x08000541   Thumb Code    78  rt_memclr_w.o(.text)
    _memset_w                                0x08000545   Thumb Code     0  rt_memclr_w.o(.text)
    __use_two_region_memory                  0x0800058f   Thumb Code     2  heapauxi.o(.text)
    __rt_heap_escrow$2region                 0x08000591   Thumb Code     2  heapauxi.o(.text)
    __rt_heap_expand$2region                 0x08000593   Thumb Code     2  heapauxi.o(.text)
    _printf_pre_padding                      0x08000595   Thumb Code    44  _printf_pad.o(.text)
    _printf_post_padding                     0x080005c1   Thumb Code    34  _printf_pad.o(.text)
    _printf_truncate_signed                  0x080005e3   Thumb Code    18  _printf_truncate.o(.text)
    _printf_truncate_unsigned                0x080005f5   Thumb Code    18  _printf_truncate.o(.text)
    _printf_str                              0x08000607   Thumb Code    82  _printf_str.o(.text)
    _printf_int_dec                          0x08000659   Thumb Code   104  _printf_dec.o(.text)
    _printf_charcount                        0x080006d1   Thumb Code    40  _printf_charcount.o(.text)
    _printf_char_common                      0x08000703   Thumb Code    32  _printf_char_common.o(.text)
    _sputc                                   0x08000729   Thumb Code    10  _sputc.o(.text)
    _printf_wctomb                           0x08000735   Thumb Code   182  _printf_wctomb.o(.text)
    _printf_longlong_dec                     0x080007f1   Thumb Code   108  _printf_longlong_dec.o(.text)
    _printf_longlong_oct                     0x0800086d   Thumb Code    66  _printf_oct_int_ll.o(.text)
    _printf_int_oct                          0x080008af   Thumb Code    24  _printf_oct_int_ll.o(.text)
    _printf_ll_oct                           0x080008c7   Thumb Code    12  _printf_oct_int_ll.o(.text)
    _printf_longlong_hex                     0x080008dd   Thumb Code    86  _printf_hex_int_ll_ptr.o(.text)
    _printf_int_hex                          0x08000933   Thumb Code    28  _printf_hex_int_ll_ptr.o(.text)
    _printf_ll_hex                           0x0800094f   Thumb Code    12  _printf_hex_int_ll_ptr.o(.text)
    _printf_hex_ptr                          0x0800095b   Thumb Code    18  _printf_hex_int_ll_ptr.o(.text)
    __printf                                 0x08000971   Thumb Code   388  __printf_flags_ss_wp.o(.text)
    _ll_udiv10                               0x08000af9   Thumb Code   138  lludiv10.o(.text)
    _printf_int_common                       0x08000b83   Thumb Code   178  _printf_intcommon.o(.text)
    __lib_sel_fp_printf                      0x08000c35   Thumb Code     2  _printf_fp_dec.o(.text)
    _printf_fp_dec_real                      0x08000de7   Thumb Code   620  _printf_fp_dec.o(.text)
    _printf_fp_hex_real                      0x08001055   Thumb Code   756  _printf_fp_hex.o(.text)
    _printf_cs_common                        0x08001351   Thumb Code    20  _printf_char.o(.text)
    _printf_char                             0x08001365   Thumb Code    16  _printf_char.o(.text)
    _printf_string                           0x08001375   Thumb Code     8  _printf_char.o(.text)
    _printf_lcs_common                       0x0800137d   Thumb Code    20  _printf_wchar.o(.text)
    _printf_wchar                            0x08001391   Thumb Code    16  _printf_wchar.o(.text)
    _printf_wstring                          0x080013a1   Thumb Code     8  _printf_wchar.o(.text)
    _wcrtomb                                 0x080013a9   Thumb Code    64  _wcrtomb.o(.text)
    __user_setup_stackheap                   0x080013e9   Thumb Code    74  sys_stackheap_outer.o(.text)
    __rt_ctype_table                         0x08001435   Thumb Code    16  rt_ctype_table.o(.text)
    __rt_locale                              0x08001445   Thumb Code     8  rt_locale_intlibspace.o(.text)
    _printf_fp_infnan                        0x0800144d   Thumb Code   112  _printf_fp_infnan.o(.text)
    _btod_etento                             0x080014cd   Thumb Code   224  bigflt0.o(.text)
    exit                                     0x080015b1   Thumb Code    18  exit.o(.text)
    __user_libspace                          0x080015c5   Thumb Code     8  libspace.o(.text)
    __user_perproc_libspace                  0x080015c5   Thumb Code     0  libspace.o(.text)
    __user_perthread_libspace                0x080015c5   Thumb Code     0  libspace.o(.text)
    strcmp                                   0x080015cd   Thumb Code   104  strcmpv7m_pel.o(.text)
    _sys_exit                                0x08001635   Thumb Code     8  sys_exit.o(.text)
    __I$use$semihosting                      0x08001641   Thumb Code     0  use_no_semi.o(.text)
    __use_no_semihosting_swi                 0x08001641   Thumb Code     2  use_no_semi.o(.text)
    __semihosting_library_function           0x08001643   Thumb Code     0  indicate_semi.o(.text)
    _btod_d2e                                0x08001643   Thumb Code    62  btod.o(CL$$btod_d2e)
    _d2e_denorm_low                          0x08001681   Thumb Code    70  btod.o(CL$$btod_d2e_denorm_low)
    _d2e_norm_op1                            0x080016c7   Thumb Code    96  btod.o(CL$$btod_d2e_norm_op1)
    __btod_div_common                        0x08001727   Thumb Code   696  btod.o(CL$$btod_div_common)
    _e2e                                     0x08001a5f   Thumb Code   220  btod.o(CL$$btod_e2e)
    _btod_ediv                               0x08001b3b   Thumb Code    42  btod.o(CL$$btod_ediv)
    _btod_emul                               0x08001b65   Thumb Code    42  btod.o(CL$$btod_emul)
    __btod_mult_common                       0x08001b8f   Thumb Code   580  btod.o(CL$$btod_mult_common)
    AD9959_SetAmp4Channel                    0x08001dd3   Thumb Code    44  ad9959.o(i.AD9959_SetAmp4Channel)
    AD9959_SetFrequency4Channel              0x08001dff   Thumb Code    44  ad9959.o(i.AD9959_SetFrequency4Channel)
    AD9959_SetPhase4Channel                  0x08001e2b   Thumb Code    44  ad9959.o(i.AD9959_SetPhase4Channel)
    ADC_ConfigureBoostMode                   0x08001e59   Thumb Code   236  stm32h7xx_hal_adc.o(i.ADC_ConfigureBoostMode)
    ADC_DMAConvCplt                          0x08001f61   Thumb Code   104  stm32h7xx_hal_adc.o(i.ADC_DMAConvCplt)
    ADC_DMAError                             0x08001fc9   Thumb Code    26  stm32h7xx_hal_adc.o(i.ADC_DMAError)
    ADC_DMAHalfConvCplt                      0x08001fe3   Thumb Code    10  stm32h7xx_hal_adc.o(i.ADC_DMAHalfConvCplt)
    ADC_DMA_Output                           0x08001fed   Thumb Code   180  adc_custom.o(i.ADC_DMA_Output)
    ADC_Enable                               0x080020e5   Thumb Code   148  stm32h7xx_hal_adc.o(i.ADC_Enable)
    ADC_IRQHandler                           0x0800218d   Thumb Code     6  stm32h7xx_it.o(i.ADC_IRQHandler)
    BusFault_Handler                         0x08002199   Thumb Code     2  stm32h7xx_it.o(i.BusFault_Handler)
    DMA1_Stream0_IRQHandler                  0x0800219d   Thumb Code    18  stm32h7xx_it.o(i.DMA1_Stream0_IRQHandler)
    DebugMon_Handler                         0x080025f9   Thumb Code     2  stm32h7xx_it.o(i.DebugMon_Handler)
    EXTI2_IRQHandler                         0x080025fb   Thumb Code     6  stm32h7xx_it.o(i.EXTI2_IRQHandler)
    EXTI3_IRQHandler                         0x08002601   Thumb Code     6  stm32h7xx_it.o(i.EXTI3_IRQHandler)
    Error_Handler                            0x08002607   Thumb Code     4  main.o(i.Error_Handler)
    ExitRun0Mode                             0x0800260d   Thumb Code    22  system_stm32h7xx.o(i.ExitRun0Mode)
    HAL_ADCEx_EndOfSamplingCallback          0x08002629   Thumb Code     2  stm32h7xx_hal_adc_ex.o(i.HAL_ADCEx_EndOfSamplingCallback)
    HAL_ADCEx_InjectedConvCpltCallback       0x0800262b   Thumb Code     2  stm32h7xx_hal_adc_ex.o(i.HAL_ADCEx_InjectedConvCpltCallback)
    HAL_ADCEx_InjectedQueueOverflowCallback  0x0800262d   Thumb Code     2  stm32h7xx_hal_adc_ex.o(i.HAL_ADCEx_InjectedQueueOverflowCallback)
    HAL_ADCEx_LevelOutOfWindow2Callback      0x0800262f   Thumb Code     2  stm32h7xx_hal_adc_ex.o(i.HAL_ADCEx_LevelOutOfWindow2Callback)
    HAL_ADCEx_LevelOutOfWindow3Callback      0x08002631   Thumb Code     2  stm32h7xx_hal_adc_ex.o(i.HAL_ADCEx_LevelOutOfWindow3Callback)
    HAL_ADCEx_MultiModeConfigChannel         0x08002635   Thumb Code   274  stm32h7xx_hal_adc_ex.o(i.HAL_ADCEx_MultiModeConfigChannel)
    HAL_ADC_ConfigChannel                    0x0800275d   Thumb Code   946  stm32h7xx_hal_adc.o(i.HAL_ADC_ConfigChannel)
    HAL_ADC_ConvCpltCallback                 0x08002b7d   Thumb Code    24  adc_custom.o(i.HAL_ADC_ConvCpltCallback)
    HAL_ADC_ConvHalfCpltCallback             0x08002ba9   Thumb Code    24  adc_custom.o(i.HAL_ADC_ConvHalfCpltCallback)
    HAL_ADC_ErrorCallback                    0x08002bd5   Thumb Code     2  stm32h7xx_hal_adc.o(i.HAL_ADC_ErrorCallback)
    HAL_ADC_IRQHandler                       0x08002bd9   Thumb Code   640  stm32h7xx_hal_adc.o(i.HAL_ADC_IRQHandler)
    HAL_ADC_Init                             0x08002e69   Thumb Code   498  stm32h7xx_hal_adc.o(i.HAL_ADC_Init)
    HAL_ADC_LevelOutOfWindowCallback         0x08003091   Thumb Code     2  stm32h7xx_hal_adc.o(i.HAL_ADC_LevelOutOfWindowCallback)
    HAL_ADC_MspInit                          0x08003095   Thumb Code   236  adc.o(i.HAL_ADC_MspInit)
    HAL_ADC_Start_DMA                        0x08003199   Thumb Code   230  stm32h7xx_hal_adc.o(i.HAL_ADC_Start_DMA)
    HAL_DMA_Abort                            0x080032a1   Thumb Code   836  stm32h7xx_hal_dma.o(i.HAL_DMA_Abort)
    HAL_DMA_Abort_IT                         0x08003601   Thumb Code   602  stm32h7xx_hal_dma.o(i.HAL_DMA_Abort_IT)
    HAL_DMA_IRQHandler                       0x08003885   Thumb Code  1756  stm32h7xx_hal_dma.o(i.HAL_DMA_IRQHandler)
    HAL_DMA_Init                             0x08003f6d   Thumb Code   926  stm32h7xx_hal_dma.o(i.HAL_DMA_Init)
    HAL_DMA_Start_IT                         0x08004331   Thumb Code   628  stm32h7xx_hal_dma.o(i.HAL_DMA_Start_IT)
    HAL_GPIO_EXTI_Callback                   0x080045cd   Thumb Code   120  main.o(i.HAL_GPIO_EXTI_Callback)
    HAL_GPIO_EXTI_IRQHandler                 0x08004685   Thumb Code    24  stm32h7xx_hal_gpio.o(i.HAL_GPIO_EXTI_IRQHandler)
    HAL_GPIO_Init                            0x0800469d   Thumb Code   506  stm32h7xx_hal_gpio.o(i.HAL_GPIO_Init)
    HAL_GPIO_ReadPin                         0x080048c9   Thumb Code    10  stm32h7xx_hal_gpio.o(i.HAL_GPIO_ReadPin)
    HAL_GPIO_TogglePin                       0x080048d3   Thumb Code    16  stm32h7xx_hal_gpio.o(i.HAL_GPIO_TogglePin)
    HAL_GPIO_WritePin                        0x080048e3   Thumb Code    10  stm32h7xx_hal_gpio.o(i.HAL_GPIO_WritePin)
    HAL_GetREVID                             0x080048ed   Thumb Code     8  stm32h7xx_hal.o(i.HAL_GetREVID)
    HAL_GetTick                              0x080048f9   Thumb Code     6  stm32h7xx_hal.o(i.HAL_GetTick)
    HAL_IncTick                              0x08004905   Thumb Code    12  stm32h7xx_hal.o(i.HAL_IncTick)
    HAL_Init                                 0x08004915   Thumb Code    74  stm32h7xx_hal.o(i.HAL_Init)
    HAL_InitTick                             0x08004971   Thumb Code    56  stm32h7xx_hal.o(i.HAL_InitTick)
    HAL_MPU_ConfigRegion                     0x080049b1   Thumb Code    86  stm32h7xx_hal_cortex.o(i.HAL_MPU_ConfigRegion)
    HAL_MPU_Disable                          0x08004a0d   Thumb Code    24  stm32h7xx_hal_cortex.o(i.HAL_MPU_Disable)
    HAL_MPU_Enable                           0x08004a29   Thumb Code    30  stm32h7xx_hal_cortex.o(i.HAL_MPU_Enable)
    HAL_MspInit                              0x08004a4d   Thumb Code    56  stm32h7xx_hal_msp.o(i.HAL_MspInit)
    HAL_NVIC_EnableIRQ                       0x08004a89   Thumb Code    26  stm32h7xx_hal_cortex.o(i.HAL_NVIC_EnableIRQ)
    HAL_NVIC_SetPriority                     0x08004aa5   Thumb Code    60  stm32h7xx_hal_cortex.o(i.HAL_NVIC_SetPriority)
    HAL_NVIC_SetPriorityGrouping             0x08004ae5   Thumb Code    28  stm32h7xx_hal_cortex.o(i.HAL_NVIC_SetPriorityGrouping)
    HAL_PWREx_ConfigSupply                   0x08004b09   Thumb Code    78  stm32h7xx_hal_pwr_ex.o(i.HAL_PWREx_ConfigSupply)
    HAL_RCCEx_GetD3PCLK1Freq                 0x08004b5d   Thumb Code    26  stm32h7xx_hal_rcc_ex.o(i.HAL_RCCEx_GetD3PCLK1Freq)
    HAL_RCCEx_GetPLL1ClockFreq               0x08004b81   Thumb Code   298  stm32h7xx_hal_rcc_ex.o(i.HAL_RCCEx_GetPLL1ClockFreq)
    HAL_RCCEx_GetPLL2ClockFreq               0x08004cc9   Thumb Code   296  stm32h7xx_hal_rcc_ex.o(i.HAL_RCCEx_GetPLL2ClockFreq)
    HAL_RCCEx_GetPLL3ClockFreq               0x08004e0d   Thumb Code   296  stm32h7xx_hal_rcc_ex.o(i.HAL_RCCEx_GetPLL3ClockFreq)
    HAL_RCCEx_GetPeriphCLKFreq               0x08004f51   Thumb Code   692  stm32h7xx_hal_rcc_ex.o(i.HAL_RCCEx_GetPeriphCLKFreq)
    HAL_RCCEx_PeriphCLKConfig                0x08005219   Thumb Code  2472  stm32h7xx_hal_rcc_ex.o(i.HAL_RCCEx_PeriphCLKConfig)
    HAL_RCC_ClockConfig                      0x08005bc5   Thumb Code   580  stm32h7xx_hal_rcc.o(i.HAL_RCC_ClockConfig)
    HAL_RCC_GetHCLKFreq                      0x08005e21   Thumb Code    52  stm32h7xx_hal_rcc.o(i.HAL_RCC_GetHCLKFreq)
    HAL_RCC_GetPCLK1Freq                     0x08005e65   Thumb Code    26  stm32h7xx_hal_rcc.o(i.HAL_RCC_GetPCLK1Freq)
    HAL_RCC_GetPCLK2Freq                     0x08005e89   Thumb Code    26  stm32h7xx_hal_rcc.o(i.HAL_RCC_GetPCLK2Freq)
    HAL_RCC_GetSysClockFreq                  0x08005ead   Thumb Code   278  stm32h7xx_hal_rcc.o(i.HAL_RCC_GetSysClockFreq)
    HAL_RCC_OscConfig                        0x08005fe5   Thumb Code  1410  stm32h7xx_hal_rcc.o(i.HAL_RCC_OscConfig)
    HAL_SYSCFG_AnalogSwitchConfig            0x08006569   Thumb Code    12  stm32h7xx_hal.o(i.HAL_SYSCFG_AnalogSwitchConfig)
    HAL_SYSCFG_DisableVREFBUF                0x08006579   Thumb Code    12  stm32h7xx_hal.o(i.HAL_SYSCFG_DisableVREFBUF)
    HAL_SYSCFG_VREFBUF_HighImpedanceConfig   0x08006589   Thumb Code    14  stm32h7xx_hal.o(i.HAL_SYSCFG_VREFBUF_HighImpedanceConfig)
    HAL_SYSTICK_CLKSourceConfig              0x0800659d   Thumb Code    24  stm32h7xx_hal_cortex.o(i.HAL_SYSTICK_CLKSourceConfig)
    HAL_SYSTICK_Config                       0x080065b5   Thumb Code    38  stm32h7xx_hal_cortex.o(i.HAL_SYSTICK_Config)
    HAL_TIMEx_Break2Callback                 0x080065db   Thumb Code     2  stm32h7xx_hal_tim_ex.o(i.HAL_TIMEx_Break2Callback)
    HAL_TIMEx_BreakCallback                  0x080065dd   Thumb Code     2  stm32h7xx_hal_tim_ex.o(i.HAL_TIMEx_BreakCallback)
    HAL_TIMEx_CommutCallback                 0x080065df   Thumb Code     2  stm32h7xx_hal_tim_ex.o(i.HAL_TIMEx_CommutCallback)
    HAL_TIMEx_ConfigBreakDeadTime            0x080065e1   Thumb Code   150  stm32h7xx_hal_tim_ex.o(i.HAL_TIMEx_ConfigBreakDeadTime)
    HAL_TIMEx_MasterConfigSynchronization    0x08006681   Thumb Code   134  stm32h7xx_hal_tim_ex.o(i.HAL_TIMEx_MasterConfigSynchronization)
    HAL_TIM_Base_Init                        0x08006725   Thumb Code    98  stm32h7xx_hal_tim.o(i.HAL_TIM_Base_Init)
    HAL_TIM_Base_MspInit                     0x08006789   Thumb Code    76  tim.o(i.HAL_TIM_Base_MspInit)
    HAL_TIM_Base_Start                       0x080067dd   Thumb Code    96  stm32h7xx_hal_tim.o(i.HAL_TIM_Base_Start)
    HAL_TIM_ConfigClockSource                0x0800685d   Thumb Code   248  stm32h7xx_hal_tim.o(i.HAL_TIM_ConfigClockSource)
    HAL_TIM_IC_CaptureCallback               0x08006959   Thumb Code     2  stm32h7xx_hal_tim.o(i.HAL_TIM_IC_CaptureCallback)
    HAL_TIM_IRQHandler                       0x0800695b   Thumb Code   328  stm32h7xx_hal_tim.o(i.HAL_TIM_IRQHandler)
    HAL_TIM_OC_DelayElapsedCallback          0x08006aa3   Thumb Code     2  stm32h7xx_hal_tim.o(i.HAL_TIM_OC_DelayElapsedCallback)
    HAL_TIM_PWM_ConfigChannel                0x08006aa5   Thumb Code   292  stm32h7xx_hal_tim.o(i.HAL_TIM_PWM_ConfigChannel)
    HAL_TIM_PWM_Init                         0x08006bc9   Thumb Code    98  stm32h7xx_hal_tim.o(i.HAL_TIM_PWM_Init)
    HAL_TIM_PWM_MspInit                      0x08006c2b   Thumb Code     2  stm32h7xx_hal_tim.o(i.HAL_TIM_PWM_MspInit)
    HAL_TIM_PWM_PulseFinishedCallback        0x08006c2d   Thumb Code     2  stm32h7xx_hal_tim.o(i.HAL_TIM_PWM_PulseFinishedCallback)
    HAL_TIM_PeriodElapsedCallback            0x08006c2f   Thumb Code     2  stm32h7xx_hal_tim.o(i.HAL_TIM_PeriodElapsedCallback)
    HAL_TIM_TriggerCallback                  0x08006c31   Thumb Code     2  stm32h7xx_hal_tim.o(i.HAL_TIM_TriggerCallback)
    HAL_UARTEx_DisableFifoMode               0x08006c33   Thumb Code    64  stm32h7xx_hal_uart_ex.o(i.HAL_UARTEx_DisableFifoMode)
    HAL_UARTEx_RxEventCallback               0x08006c73   Thumb Code     2  stm32h7xx_hal_uart.o(i.HAL_UARTEx_RxEventCallback)
    HAL_UARTEx_RxFifoFullCallback            0x08006c75   Thumb Code     2  stm32h7xx_hal_uart_ex.o(i.HAL_UARTEx_RxFifoFullCallback)
    HAL_UARTEx_SetRxFifoThreshold            0x08006c77   Thumb Code    76  stm32h7xx_hal_uart_ex.o(i.HAL_UARTEx_SetRxFifoThreshold)
    HAL_UARTEx_SetTxFifoThreshold            0x08006cc3   Thumb Code    76  stm32h7xx_hal_uart_ex.o(i.HAL_UARTEx_SetTxFifoThreshold)
    HAL_UARTEx_TxFifoEmptyCallback           0x08006d0f   Thumb Code     2  stm32h7xx_hal_uart_ex.o(i.HAL_UARTEx_TxFifoEmptyCallback)
    HAL_UARTEx_WakeupCallback                0x08006d11   Thumb Code     2  stm32h7xx_hal_uart_ex.o(i.HAL_UARTEx_WakeupCallback)
    HAL_UART_ErrorCallback                   0x08006d13   Thumb Code     2  stm32h7xx_hal_uart.o(i.HAL_UART_ErrorCallback)
    HAL_UART_GetState                        0x08006d15   Thumb Code    14  stm32h7xx_hal_uart.o(i.HAL_UART_GetState)
    HAL_UART_IRQHandler                      0x08006d25   Thumb Code   898  stm32h7xx_hal_uart.o(i.HAL_UART_IRQHandler)
    HAL_UART_Init                            0x080070c1   Thumb Code   106  stm32h7xx_hal_uart.o(i.HAL_UART_Init)
    HAL_UART_MspInit                         0x0800712d   Thumb Code   244  usart.o(i.HAL_UART_MspInit)
    HAL_UART_Receive_IT                      0x08007231   Thumb Code    66  stm32h7xx_hal_uart.o(i.HAL_UART_Receive_IT)
    HAL_UART_RxCpltCallback                  0x08007279   Thumb Code   144  serial.o(i.HAL_UART_RxCpltCallback)
    HAL_UART_Transmit                        0x0800731d   Thumb Code   176  stm32h7xx_hal_uart.o(i.HAL_UART_Transmit)
    HAL_UART_TxCpltCallback                  0x080073cd   Thumb Code     2  stm32h7xx_hal_uart.o(i.HAL_UART_TxCpltCallback)
    HardFault_Handler                        0x080073cf   Thumb Code     2  stm32h7xx_it.o(i.HardFault_Handler)
    IO_Update                                0x080073d1   Thumb Code    50  ad9959.o(i.IO_Update)
    Init_AD9959                              0x08007409   Thumb Code    40  ad9959.o(i.Init_AD9959)
    IntReset                                 0x08007435   Thumb Code    50  ad9959.o(i.IntReset)
    Intserve                                 0x0800746d   Thumb Code    58  ad9959.o(i.Intserve)
    MX_ADC1_Init                             0x080074d5   Thumb Code   140  adc.o(i.MX_ADC1_Init)
    MX_DMA_Init                              0x0800756d   Thumb Code    40  dma.o(i.MX_DMA_Init)
    MX_GPIO_Init                             0x08007599   Thumb Code   284  gpio.o(i.MX_GPIO_Init)
    MX_TIM1_Init                             0x080076c9   Thumb Code   208  tim.o(i.MX_TIM1_Init)
    MX_TIM2_Init                             0x080077a1   Thumb Code   154  tim.o(i.MX_TIM2_Init)
    MX_UART4_Init                            0x08007841   Thumb Code    94  usart.o(i.MX_UART4_Init)
    MX_UART5_Init                            0x080078a9   Thumb Code    94  usart.o(i.MX_UART5_Init)
    MemManage_Handler                        0x08007911   Thumb Code     2  stm32h7xx_it.o(i.MemManage_Handler)
    NMI_Handler                              0x08007913   Thumb Code     2  stm32h7xx_it.o(i.NMI_Handler)
    PendSV_Handler                           0x08007915   Thumb Code     2  stm32h7xx_it.o(i.PendSV_Handler)
    SVC_Handler                              0x08007b59   Thumb Code     2  stm32h7xx_it.o(i.SVC_Handler)
    Screen_SendArr                           0x08007b5d   Thumb Code   118  serial.o(i.Screen_SendArr)
    Screen_SendArrToShow                     0x08007bf1   Thumb Code   154  serial.o(i.Screen_SendArrToShow)
    Screen_SendStr                           0x08007cbd   Thumb Code   118  serial.o(i.Screen_SendStr)
    Serial_SendArr                           0x08007d51   Thumb Code    26  serial.o(i.Serial_SendArr)
    Serial_SendByte                          0x08007d6d   Thumb Code    32  serial.o(i.Serial_SendByte)
    Serial_SendByte_t                        0x08007d91   Thumb Code    30  serial.o(i.Serial_SendByte_t)
    Serial_SendStr                           0x08007db5   Thumb Code    24  serial.o(i.Serial_SendStr)
    Serial_SendStr_t                         0x08007dcd   Thumb Code    28  serial.o(i.Serial_SendStr_t)
    Serial_printf                            0x08007de9   Thumb Code    28  serial.o(i.Serial_printf)
    Serial_printf_t                          0x08007e05   Thumb Code    34  serial.o(i.Serial_printf_t)
    SysTick_Handler                          0x08007e27   Thumb Code     4  stm32h7xx_it.o(i.SysTick_Handler)
    SystemClock_Config                       0x08007e2d   Thumb Code   158  main.o(i.SystemClock_Config)
    SystemInit                               0x08007ed5   Thumb Code   206  system_stm32h7xx.o(i.SystemInit)
    TIM1_UP_IRQHandler                       0x08007fcd   Thumb Code     6  stm32h7xx_it.o(i.TIM1_UP_IRQHandler)
    TIM_Base_SetConfig                       0x08007fd9   Thumb Code   170  stm32h7xx_hal_tim.o(i.TIM_Base_SetConfig)
    TIM_ETR_SetConfig                        0x080080a5   Thumb Code    18  stm32h7xx_hal_tim.o(i.TIM_ETR_SetConfig)
    TIM_OC2_SetConfig                        0x08008171   Thumb Code   126  stm32h7xx_hal_tim.o(i.TIM_OC2_SetConfig)
    UART4_IRQHandler                         0x08008449   Thumb Code    58  stm32h7xx_it.o(i.UART4_IRQHandler)
    UART5_IRQHandler                         0x08008495   Thumb Code    58  stm32h7xx_it.o(i.UART5_IRQHandler)
    UART_AdvFeatureConfig                    0x08008525   Thumb Code   200  stm32h7xx_hal_uart.o(i.UART_AdvFeatureConfig)
    UART_CheckIdleState                      0x080085ed   Thumb Code   170  stm32h7xx_hal_uart.o(i.UART_CheckIdleState)
    UART_SetConfig                           0x08008bcd   Thumb Code   876  stm32h7xx_hal_uart.o(i.UART_SetConfig)
    UART_Start_Receive_IT                    0x08008f79   Thumb Code   256  stm32h7xx_hal_uart.o(i.UART_Start_Receive_IT)
    UART_WaitOnFlagUntilTimeout              0x08009089   Thumb Code   148  stm32h7xx_hal_uart.o(i.UART_WaitOnFlagUntilTimeout)
    UsageFault_Handler                       0x0800911d   Thumb Code     2  stm32h7xx_it.o(i.UsageFault_Handler)
    WriteData_AD9959                         0x08009121   Thumb Code   190  ad9959.o(i.WriteData_AD9959)
    Write_Amplitude                          0x080091e5   Thumb Code    86  ad9959.o(i.Write_Amplitude)
    Write_Phase                              0x08009241   Thumb Code   104  ad9959.o(i.Write_Phase)
    Write_frequence                          0x080092b5   Thumb Code   122  ad9959.o(i.Write_frequence)
    __ARM_fpclassify                         0x0800933d   Thumb Code    48  fpclassify.o(i.__ARM_fpclassify)
    _is_digit                                0x0800938f   Thumb Code    14  __printf_wp.o(i._is_digit)
    delay1                                   0x0800939d   Thumb Code    12  ad9959.o(i.delay1)
    delay_init                               0x080093a9   Thumb Code    16  delay.o(i.delay_init)
    delay_ms                                 0x080093bd   Thumb Code    26  delay.o(i.delay_ms)
    delay_us                                 0x080093d9   Thumb Code    48  delay.o(i.delay_us)
    main                                     0x0800940d   Thumb Code   250  main.o(i.main)
    print4screen                             0x08009555   Thumb Code    54  serial.o(i.print4screen)
    print4serial                             0x080095b5   Thumb Code    96  serial.o(i.print4serial)
    _get_lc_numeric                          0x08009631   Thumb Code    44  lc_numeric_c.o(locale$$code)
    _get_lc_ctype                            0x0800965d   Thumb Code    44  lc_ctype_c.o(locale$$code)
    _fp_init                                 0x08009689   Thumb Code    10  fpinit.o(x$fpl$fpinit)
    __fplib_config_fpu_vfp                   0x08009691   Thumb Code     0  fpinit.o(x$fpl$fpinit)
    __fplib_config_pureend_doubles           0x08009691   Thumb Code     0  fpinit.o(x$fpl$fpinit)
    _printf_fp_dec                           0x08009693   Thumb Code     4  printf1.o(x$fpl$printf1)
    _printf_fp_hex                           0x08009697   Thumb Code     4  printf2.o(x$fpl$printf2)
    __I$use$fp                               0x0800969a   Number         0  usenofp.o(x$fpl$usenofp)
    UARTPrescTable                           0x080096a2   Data          24  stm32h7xx_hal_uart.o(.constdata)
    D1CorePrescTable                         0x080096ca   Data          16  system_stm32h7xx.o(.constdata)
    Region$$Table$$Base                      0x080097d8   Number         0  anon$$obj.o(Region$$Table)
    Region$$Table$$Limit                     0x080097f8   Number         0  anon$$obj.o(Region$$Table)
    __ctype                                  0x08009821   Data           0  lc_ctype_c.o(locale$$data)
    CW_fre                                   0x24000000   Data           4  main.o(.data)
    CW_amp                                   0x24000004   Data           4  main.o(.data)
    uwTickFreq                               0x24000008   Data           1  stm32h7xx_hal.o(.data)
    uwTickPrio                               0x2400000c   Data           4  stm32h7xx_hal.o(.data)
    uwTick                                   0x24000010   Data           4  stm32h7xx_hal.o(.data)
    SystemCoreClock                          0x24000014   Data           4  system_stm32h7xx.o(.data)
    SystemD2Clock                            0x24000018   Data           4  system_stm32h7xx.o(.data)
    g_adc1_dma_complete_flag                 0x2400001c   Data           1  adc_custom.o(.data)
    ADC_DATA_LENGTH_HLF                      0x2400001e   Data           2  adc_custom.o(.data)
    CSR_DATA0                                0x24000020   Data           1  ad9959.o(.data)
    CSR_DATA1                                0x24000021   Data           1  ad9959.o(.data)
    CSR_DATA2                                0x24000022   Data           1  ad9959.o(.data)
    CSR_DATA3                                0x24000023   Data           1  ad9959.o(.data)
    FR2_DATA                                 0x24000024   Data           2  ad9959.o(.data)
    CPOW0_DATA                               0x24000026   Data           2  ad9959.o(.data)
    FR1_DATA                                 0x24000028   Data           3  ad9959.o(.data)
    led1_status                              0x24000030   Data           1  key2.o(.data)
    led2_status                              0x24000031   Data           1  key2.o(.data)
    tmp_Byte                                 0x24000034   Data           1  serial.o(.data)
    aRxBuffer                                0x24000036   Data           1  serial.o(.data)
    aRxBuffer5                               0x24000037   Data           1  serial.o(.data)
    USART4_RX_STA                            0x24000038   Data           2  serial.o(.data)
    USART5_RX_STA                            0x2400003a   Data           2  serial.o(.data)
    uart_rx_len                              0x2400003c   Data           2  serial.o(.data)
    huart_debug                              0x24000040   Data           4  serial.o(.data)
    huart_screen                             0x24000044   Data           4  serial.o(.data)
    hadc1                                    0x24000048   Data         100  adc.o(.bss)
    hdma_adc1                                0x240000ac   Data         120  adc.o(.bss)
    htim1                                    0x24000124   Data          76  tim.o(.bss)
    htim2                                    0x24000170   Data          76  tim.o(.bss)
    huart4                                   0x240001bc   Data         148  usart.o(.bss)
    huart5                                   0x24000250   Data         148  usart.o(.bss)
    g_adc1_dma_data1                         0x240002e4   Data        3200  adc_custom.o(.bss)
    USART4_RX_BUF                            0x24000f64   Data        1500  serial.o(.bss)
    USART5_RX_BUF                            0x24001540   Data        1500  serial.o(.bss)
    __libspace_start                         0x24001b1c   Data          96  libspace.o(.bss)
    __temporary_stack_top$libspace           0x24001b7c   Data           0  libspace.o(.bss)



==============================================================================

Memory Map of the image

  Image Entry point : 0x08000299

  Load Region LR_IROM1 (Base: 0x08000000, Size: 0x0000996c, Max: 0x00020000, ABSOLUTE)

    Execution Region ER_IROM1 (Exec base: 0x08000000, Load base: 0x08000000, Size: 0x00009924, Max: 0x00020000, ABSOLUTE)

    Exec Addr    Load Addr    Size         Type   Attr      Idx    E Section Name        Object

    0x08000000   0x08000000   0x00000298   Data   RO            3    RESET               startup_stm32h750xx.o
    0x08000298   0x08000298   0x00000008   Code   RO         5503  * !!!main             c_w.l(__main.o)
    0x080002a0   0x080002a0   0x00000034   Code   RO         5834    !!!scatter          c_w.l(__scatter.o)
    0x080002d4   0x080002d4   0x0000001a   Code   RO         5836    !!handler_copy      c_w.l(__scatter_copy.o)
    0x080002ee   0x080002ee   0x00000002   PAD
    0x080002f0   0x080002f0   0x0000001c   Code   RO         5838    !!handler_zi        c_w.l(__scatter_zi.o)
    0x0800030c   0x0800030c   0x00000000   Code   RO         5591    .ARM.Collect$$_printf_percent$$00000000  c_w.l(_printf_percent.o)
    0x0800030c   0x0800030c   0x00000006   Code   RO         5580    .ARM.Collect$$_printf_percent$$00000001  c_w.l(_printf_n.o)
    0x08000312   0x08000312   0x00000006   Code   RO         5582    .ARM.Collect$$_printf_percent$$00000002  c_w.l(_printf_p.o)
    0x08000318   0x08000318   0x00000006   Code   RO         5587    .ARM.Collect$$_printf_percent$$00000003  c_w.l(_printf_f.o)
    0x0800031e   0x0800031e   0x00000006   Code   RO         5588    .ARM.Collect$$_printf_percent$$00000004  c_w.l(_printf_e.o)
    0x08000324   0x08000324   0x00000006   Code   RO         5589    .ARM.Collect$$_printf_percent$$00000005  c_w.l(_printf_g.o)
    0x0800032a   0x0800032a   0x00000006   Code   RO         5590    .ARM.Collect$$_printf_percent$$00000006  c_w.l(_printf_a.o)
    0x08000330   0x08000330   0x0000000a   Code   RO         5595    .ARM.Collect$$_printf_percent$$00000007  c_w.l(_printf_ll.o)
    0x0800033a   0x0800033a   0x00000006   Code   RO         5584    .ARM.Collect$$_printf_percent$$00000008  c_w.l(_printf_i.o)
    0x08000340   0x08000340   0x00000006   Code   RO         5585    .ARM.Collect$$_printf_percent$$00000009  c_w.l(_printf_d.o)
    0x08000346   0x08000346   0x00000006   Code   RO         5586    .ARM.Collect$$_printf_percent$$0000000A  c_w.l(_printf_u.o)
    0x0800034c   0x0800034c   0x00000006   Code   RO         5583    .ARM.Collect$$_printf_percent$$0000000B  c_w.l(_printf_o.o)
    0x08000352   0x08000352   0x00000006   Code   RO         5581    .ARM.Collect$$_printf_percent$$0000000C  c_w.l(_printf_x.o)
    0x08000358   0x08000358   0x00000006   Code   RO         5592    .ARM.Collect$$_printf_percent$$0000000D  c_w.l(_printf_lli.o)
    0x0800035e   0x0800035e   0x00000006   Code   RO         5593    .ARM.Collect$$_printf_percent$$0000000E  c_w.l(_printf_lld.o)
    0x08000364   0x08000364   0x00000006   Code   RO         5594    .ARM.Collect$$_printf_percent$$0000000F  c_w.l(_printf_llu.o)
    0x0800036a   0x0800036a   0x00000006   Code   RO         5599    .ARM.Collect$$_printf_percent$$00000010  c_w.l(_printf_llo.o)
    0x08000370   0x08000370   0x00000006   Code   RO         5600    .ARM.Collect$$_printf_percent$$00000011  c_w.l(_printf_llx.o)
    0x08000376   0x08000376   0x0000000a   Code   RO         5596    .ARM.Collect$$_printf_percent$$00000012  c_w.l(_printf_l.o)
    0x08000380   0x08000380   0x00000006   Code   RO         5578    .ARM.Collect$$_printf_percent$$00000013  c_w.l(_printf_c.o)
    0x08000386   0x08000386   0x00000006   Code   RO         5579    .ARM.Collect$$_printf_percent$$00000014  c_w.l(_printf_s.o)
    0x0800038c   0x0800038c   0x00000006   Code   RO         5597    .ARM.Collect$$_printf_percent$$00000015  c_w.l(_printf_lc.o)
    0x08000392   0x08000392   0x00000006   Code   RO         5598    .ARM.Collect$$_printf_percent$$00000016  c_w.l(_printf_ls.o)
    0x08000398   0x08000398   0x00000004   Code   RO         5641    .ARM.Collect$$_printf_percent$$00000017  c_w.l(_printf_percent_end.o)
    0x0800039c   0x0800039c   0x00000002   Code   RO         5694    .ARM.Collect$$libinit$$00000000  c_w.l(libinit.o)
    0x0800039e   0x0800039e   0x00000004   Code   RO         5716    .ARM.Collect$$libinit$$00000001  c_w.l(libinit2.o)
    0x080003a2   0x080003a2   0x00000000   Code   RO         5719    .ARM.Collect$$libinit$$00000004  c_w.l(libinit2.o)
    0x080003a2   0x080003a2   0x00000000   Code   RO         5722    .ARM.Collect$$libinit$$0000000A  c_w.l(libinit2.o)
    0x080003a2   0x080003a2   0x00000000   Code   RO         5724    .ARM.Collect$$libinit$$0000000C  c_w.l(libinit2.o)
    0x080003a2   0x080003a2   0x00000000   Code   RO         5726    .ARM.Collect$$libinit$$0000000E  c_w.l(libinit2.o)
    0x080003a2   0x080003a2   0x00000006   Code   RO         5727    .ARM.Collect$$libinit$$0000000F  c_w.l(libinit2.o)
    0x080003a8   0x080003a8   0x00000000   Code   RO         5729    .ARM.Collect$$libinit$$00000011  c_w.l(libinit2.o)
    0x080003a8   0x080003a8   0x0000000c   Code   RO         5730    .ARM.Collect$$libinit$$00000012  c_w.l(libinit2.o)
    0x080003b4   0x080003b4   0x00000000   Code   RO         5731    .ARM.Collect$$libinit$$00000013  c_w.l(libinit2.o)
    0x080003b4   0x080003b4   0x00000000   Code   RO         5733    .ARM.Collect$$libinit$$00000015  c_w.l(libinit2.o)
    0x080003b4   0x080003b4   0x0000000a   Code   RO         5734    .ARM.Collect$$libinit$$00000016  c_w.l(libinit2.o)
    0x080003be   0x080003be   0x00000000   Code   RO         5735    .ARM.Collect$$libinit$$00000017  c_w.l(libinit2.o)
    0x080003be   0x080003be   0x00000000   Code   RO         5737    .ARM.Collect$$libinit$$00000019  c_w.l(libinit2.o)
    0x080003be   0x080003be   0x00000000   Code   RO         5739    .ARM.Collect$$libinit$$0000001B  c_w.l(libinit2.o)
    0x080003be   0x080003be   0x00000000   Code   RO         5741    .ARM.Collect$$libinit$$0000001D  c_w.l(libinit2.o)
    0x080003be   0x080003be   0x00000000   Code   RO         5743    .ARM.Collect$$libinit$$0000001F  c_w.l(libinit2.o)
    0x080003be   0x080003be   0x00000000   Code   RO         5745    .ARM.Collect$$libinit$$00000021  c_w.l(libinit2.o)
    0x080003be   0x080003be   0x00000000   Code   RO         5747    .ARM.Collect$$libinit$$00000023  c_w.l(libinit2.o)
    0x080003be   0x080003be   0x00000000   Code   RO         5749    .ARM.Collect$$libinit$$00000025  c_w.l(libinit2.o)
    0x080003be   0x080003be   0x00000000   Code   RO         5753    .ARM.Collect$$libinit$$0000002C  c_w.l(libinit2.o)
    0x080003be   0x080003be   0x00000000   Code   RO         5755    .ARM.Collect$$libinit$$0000002E  c_w.l(libinit2.o)
    0x080003be   0x080003be   0x00000000   Code   RO         5757    .ARM.Collect$$libinit$$00000030  c_w.l(libinit2.o)
    0x080003be   0x080003be   0x00000000   Code   RO         5759    .ARM.Collect$$libinit$$00000032  c_w.l(libinit2.o)
    0x080003be   0x080003be   0x00000002   Code   RO         5760    .ARM.Collect$$libinit$$00000033  c_w.l(libinit2.o)
    0x080003c0   0x080003c0   0x00000002   Code   RO         5791    .ARM.Collect$$libshutdown$$00000000  c_w.l(libshutdown.o)
    0x080003c2   0x080003c2   0x00000000   Code   RO         5817    .ARM.Collect$$libshutdown$$00000002  c_w.l(libshutdown2.o)
    0x080003c2   0x080003c2   0x00000000   Code   RO         5819    .ARM.Collect$$libshutdown$$00000004  c_w.l(libshutdown2.o)
    0x080003c2   0x080003c2   0x00000000   Code   RO         5822    .ARM.Collect$$libshutdown$$00000007  c_w.l(libshutdown2.o)
    0x080003c2   0x080003c2   0x00000000   Code   RO         5825    .ARM.Collect$$libshutdown$$0000000A  c_w.l(libshutdown2.o)
    0x080003c2   0x080003c2   0x00000000   Code   RO         5827    .ARM.Collect$$libshutdown$$0000000C  c_w.l(libshutdown2.o)
    0x080003c2   0x080003c2   0x00000000   Code   RO         5830    .ARM.Collect$$libshutdown$$0000000F  c_w.l(libshutdown2.o)
    0x080003c2   0x080003c2   0x00000002   Code   RO         5831    .ARM.Collect$$libshutdown$$00000010  c_w.l(libshutdown2.o)
    0x080003c4   0x080003c4   0x00000000   Code   RO         5505    .ARM.Collect$$rtentry$$00000000  c_w.l(__rtentry.o)
    0x080003c4   0x080003c4   0x00000000   Code   RO         5610    .ARM.Collect$$rtentry$$00000002  c_w.l(__rtentry2.o)
    0x080003c4   0x080003c4   0x00000006   Code   RO         5622    .ARM.Collect$$rtentry$$00000004  c_w.l(__rtentry4.o)
    0x080003ca   0x080003ca   0x00000000   Code   RO         5612    .ARM.Collect$$rtentry$$00000009  c_w.l(__rtentry2.o)
    0x080003ca   0x080003ca   0x00000004   Code   RO         5613    .ARM.Collect$$rtentry$$0000000A  c_w.l(__rtentry2.o)
    0x080003ce   0x080003ce   0x00000000   Code   RO         5615    .ARM.Collect$$rtentry$$0000000C  c_w.l(__rtentry2.o)
    0x080003ce   0x080003ce   0x00000008   Code   RO         5616    .ARM.Collect$$rtentry$$0000000D  c_w.l(__rtentry2.o)
    0x080003d6   0x080003d6   0x00000002   Code   RO         5703    .ARM.Collect$$rtexit$$00000000  c_w.l(rtexit.o)
    0x080003d8   0x080003d8   0x00000000   Code   RO         5764    .ARM.Collect$$rtexit$$00000002  c_w.l(rtexit2.o)
    0x080003d8   0x080003d8   0x00000004   Code   RO         5765    .ARM.Collect$$rtexit$$00000003  c_w.l(rtexit2.o)
    0x080003dc   0x080003dc   0x00000006   Code   RO         5766    .ARM.Collect$$rtexit$$00000004  c_w.l(rtexit2.o)
    0x080003e2   0x080003e2   0x00000002   PAD
    0x080003e4   0x080003e4   0x00000048   Code   RO            4    .text               startup_stm32h750xx.o
    0x0800042c   0x0800042c   0x000000ee   Code   RO         5495    .text               c_w.l(lludivv7m.o)
    0x0800051a   0x0800051a   0x00000002   PAD
    0x0800051c   0x0800051c   0x00000024   Code   RO         5497    .text               c_w.l(vsprintf.o)
    0x08000540   0x08000540   0x0000004e   Code   RO         5499    .text               c_w.l(rt_memclr_w.o)
    0x0800058e   0x0800058e   0x00000006   Code   RO         5501    .text               c_w.l(heapauxi.o)
    0x08000594   0x08000594   0x0000004e   Code   RO         5512    .text               c_w.l(_printf_pad.o)
    0x080005e2   0x080005e2   0x00000024   Code   RO         5514    .text               c_w.l(_printf_truncate.o)
    0x08000606   0x08000606   0x00000052   Code   RO         5516    .text               c_w.l(_printf_str.o)
    0x08000658   0x08000658   0x00000078   Code   RO         5518    .text               c_w.l(_printf_dec.o)
    0x080006d0   0x080006d0   0x00000028   Code   RO         5520    .text               c_w.l(_printf_charcount.o)
    0x080006f8   0x080006f8   0x00000030   Code   RO         5522    .text               c_w.l(_printf_char_common.o)
    0x08000728   0x08000728   0x0000000a   Code   RO         5524    .text               c_w.l(_sputc.o)
    0x08000732   0x08000732   0x00000002   PAD
    0x08000734   0x08000734   0x000000bc   Code   RO         5526    .text               c_w.l(_printf_wctomb.o)
    0x080007f0   0x080007f0   0x0000007c   Code   RO         5529    .text               c_w.l(_printf_longlong_dec.o)
    0x0800086c   0x0800086c   0x00000070   Code   RO         5535    .text               c_w.l(_printf_oct_int_ll.o)
    0x080008dc   0x080008dc   0x00000094   Code   RO         5555    .text               c_w.l(_printf_hex_int_ll_ptr.o)
    0x08000970   0x08000970   0x00000188   Code   RO         5575    .text               c_w.l(__printf_flags_ss_wp.o)
    0x08000af8   0x08000af8   0x0000008a   Code   RO         5626    .text               c_w.l(lludiv10.o)
    0x08000b82   0x08000b82   0x000000b2   Code   RO         5628    .text               c_w.l(_printf_intcommon.o)
    0x08000c34   0x08000c34   0x0000041e   Code   RO         5630    .text               c_w.l(_printf_fp_dec.o)
    0x08001052   0x08001052   0x00000002   PAD
    0x08001054   0x08001054   0x000002fc   Code   RO         5632    .text               c_w.l(_printf_fp_hex.o)
    0x08001350   0x08001350   0x0000002c   Code   RO         5637    .text               c_w.l(_printf_char.o)
    0x0800137c   0x0800137c   0x0000002c   Code   RO         5639    .text               c_w.l(_printf_wchar.o)
    0x080013a8   0x080013a8   0x00000040   Code   RO         5642    .text               c_w.l(_wcrtomb.o)
    0x080013e8   0x080013e8   0x0000004a   Code   RO         5644    .text               c_w.l(sys_stackheap_outer.o)
    0x08001432   0x08001432   0x00000002   PAD
    0x08001434   0x08001434   0x00000010   Code   RO         5646    .text               c_w.l(rt_ctype_table.o)
    0x08001444   0x08001444   0x00000008   Code   RO         5651    .text               c_w.l(rt_locale_intlibspace.o)
    0x0800144c   0x0800144c   0x00000080   Code   RO         5653    .text               c_w.l(_printf_fp_infnan.o)
    0x080014cc   0x080014cc   0x000000e4   Code   RO         5655    .text               c_w.l(bigflt0.o)
    0x080015b0   0x080015b0   0x00000012   Code   RO         5683    .text               c_w.l(exit.o)
    0x080015c2   0x080015c2   0x00000002   PAD
    0x080015c4   0x080015c4   0x00000008   Code   RO         5700    .text               c_w.l(libspace.o)
    0x080015cc   0x080015cc   0x00000068   Code   RO         5714    .text               c_w.l(strcmpv7m_pel.o)
    0x08001634   0x08001634   0x0000000c   Code   RO         5761    .text               c_w.l(sys_exit.o)
    0x08001640   0x08001640   0x00000002   Code   RO         5780    .text               c_w.l(use_no_semi.o)
    0x08001642   0x08001642   0x00000000   Code   RO         5782    .text               c_w.l(indicate_semi.o)
    0x08001642   0x08001642   0x0000003e   Code   RO         5658    CL$$btod_d2e        c_w.l(btod.o)
    0x08001680   0x08001680   0x00000046   Code   RO         5660    CL$$btod_d2e_denorm_low  c_w.l(btod.o)
    0x080016c6   0x080016c6   0x00000060   Code   RO         5659    CL$$btod_d2e_norm_op1  c_w.l(btod.o)
    0x08001726   0x08001726   0x00000338   Code   RO         5668    CL$$btod_div_common  c_w.l(btod.o)
    0x08001a5e   0x08001a5e   0x000000dc   Code   RO         5665    CL$$btod_e2e        c_w.l(btod.o)
    0x08001b3a   0x08001b3a   0x0000002a   Code   RO         5662    CL$$btod_ediv       c_w.l(btod.o)
    0x08001b64   0x08001b64   0x0000002a   Code   RO         5661    CL$$btod_emul       c_w.l(btod.o)
    0x08001b8e   0x08001b8e   0x00000244   Code   RO         5667    CL$$btod_mult_common  c_w.l(btod.o)
    0x08001dd2   0x08001dd2   0x0000002c   Code   RO         5106    i.AD9959_SetAmp4Channel  ad9959.o
    0x08001dfe   0x08001dfe   0x0000002c   Code   RO         5107    i.AD9959_SetFrequency4Channel  ad9959.o
    0x08001e2a   0x08001e2a   0x0000002c   Code   RO         5108    i.AD9959_SetPhase4Channel  ad9959.o
    0x08001e56   0x08001e56   0x00000002   PAD
    0x08001e58   0x08001e58   0x00000108   Code   RO          557    i.ADC_ConfigureBoostMode  stm32h7xx_hal_adc.o
    0x08001f60   0x08001f60   0x00000068   Code   RO          559    i.ADC_DMAConvCplt   stm32h7xx_hal_adc.o
    0x08001fc8   0x08001fc8   0x0000001a   Code   RO          560    i.ADC_DMAError      stm32h7xx_hal_adc.o
    0x08001fe2   0x08001fe2   0x0000000a   Code   RO          561    i.ADC_DMAHalfConvCplt  stm32h7xx_hal_adc.o
    0x08001fec   0x08001fec   0x000000f8   Code   RO         4976    i.ADC_DMA_Output    adc_custom.o
    0x080020e4   0x080020e4   0x000000a8   Code   RO          563    i.ADC_Enable        stm32h7xx_hal_adc.o
    0x0800218c   0x0800218c   0x0000000c   Code   RO          415    i.ADC_IRQHandler    stm32h7xx_it.o
    0x08002198   0x08002198   0x00000002   Code   RO          416    i.BusFault_Handler  stm32h7xx_it.o
    0x0800219a   0x0800219a   0x00000002   PAD
    0x0800219c   0x0800219c   0x00000024   Code   RO          417    i.DMA1_Stream0_IRQHandler  stm32h7xx_it.o
    0x080021c0   0x080021c0   0x000000b4   Code   RO         1618    i.DMA_CalcBaseAndBitshift  stm32h7xx_hal_dma.o
    0x08002274   0x08002274   0x0000009c   Code   RO         1619    i.DMA_CalcDMAMUXChannelBaseAndMask  stm32h7xx_hal_dma.o
    0x08002310   0x08002310   0x00000074   Code   RO         1620    i.DMA_CalcDMAMUXRequestGenBaseAndMask  stm32h7xx_hal_dma.o
    0x08002384   0x08002384   0x00000054   Code   RO         1621    i.DMA_CheckFifoParam  stm32h7xx_hal_dma.o
    0x080023d8   0x080023d8   0x00000220   Code   RO         1622    i.DMA_SetConfig     stm32h7xx_hal_dma.o
    0x080025f8   0x080025f8   0x00000002   Code   RO          418    i.DebugMon_Handler  stm32h7xx_it.o
    0x080025fa   0x080025fa   0x00000006   Code   RO          419    i.EXTI2_IRQHandler  stm32h7xx_it.o
    0x08002600   0x08002600   0x00000006   Code   RO          420    i.EXTI3_IRQHandler  stm32h7xx_it.o
    0x08002606   0x08002606   0x00000004   Code   RO           13    i.Error_Handler     main.o
    0x0800260a   0x0800260a   0x00000002   PAD
    0x0800260c   0x0800260c   0x0000001c   Code   RO         4933    i.ExitRun0Mode      system_stm32h7xx.o
    0x08002628   0x08002628   0x00000002   Code   RO          778    i.HAL_ADCEx_EndOfSamplingCallback  stm32h7xx_hal_adc_ex.o
    0x0800262a   0x0800262a   0x00000002   Code   RO          781    i.HAL_ADCEx_InjectedConvCpltCallback  stm32h7xx_hal_adc_ex.o
    0x0800262c   0x0800262c   0x00000002   Code   RO          784    i.HAL_ADCEx_InjectedQueueOverflowCallback  stm32h7xx_hal_adc_ex.o
    0x0800262e   0x0800262e   0x00000002   Code   RO          789    i.HAL_ADCEx_LevelOutOfWindow2Callback  stm32h7xx_hal_adc_ex.o
    0x08002630   0x08002630   0x00000002   Code   RO          790    i.HAL_ADCEx_LevelOutOfWindow3Callback  stm32h7xx_hal_adc_ex.o
    0x08002632   0x08002632   0x00000002   PAD
    0x08002634   0x08002634   0x00000128   Code   RO          794    i.HAL_ADCEx_MultiModeConfigChannel  stm32h7xx_hal_adc_ex.o
    0x0800275c   0x0800275c   0x00000420   Code   RO          565    i.HAL_ADC_ConfigChannel  stm32h7xx_hal_adc.o
    0x08002b7c   0x08002b7c   0x0000002c   Code   RO         4977    i.HAL_ADC_ConvCpltCallback  adc_custom.o
    0x08002ba8   0x08002ba8   0x0000002c   Code   RO         4978    i.HAL_ADC_ConvHalfCpltCallback  adc_custom.o
    0x08002bd4   0x08002bd4   0x00000002   Code   RO          569    i.HAL_ADC_ErrorCallback  stm32h7xx_hal_adc.o
    0x08002bd6   0x08002bd6   0x00000002   PAD
    0x08002bd8   0x08002bd8   0x00000290   Code   RO          573    i.HAL_ADC_IRQHandler  stm32h7xx_hal_adc.o
    0x08002e68   0x08002e68   0x00000228   Code   RO          574    i.HAL_ADC_Init      stm32h7xx_hal_adc.o
    0x08003090   0x08003090   0x00000002   Code   RO          575    i.HAL_ADC_LevelOutOfWindowCallback  stm32h7xx_hal_adc.o
    0x08003092   0x08003092   0x00000002   PAD
    0x08003094   0x08003094   0x00000104   Code   RO          254    i.HAL_ADC_MspInit   adc.o
    0x08003198   0x08003198   0x00000108   Code   RO          581    i.HAL_ADC_Start_DMA  stm32h7xx_hal_adc.o
    0x080032a0   0x080032a0   0x00000360   Code   RO         1623    i.HAL_DMA_Abort     stm32h7xx_hal_dma.o
    0x08003600   0x08003600   0x00000284   Code   RO         1624    i.HAL_DMA_Abort_IT  stm32h7xx_hal_dma.o
    0x08003884   0x08003884   0x000006e8   Code   RO         1628    i.HAL_DMA_IRQHandler  stm32h7xx_hal_dma.o
    0x08003f6c   0x08003f6c   0x000003c4   Code   RO         1629    i.HAL_DMA_Init      stm32h7xx_hal_dma.o
    0x08004330   0x08004330   0x0000029c   Code   RO         1633    i.HAL_DMA_Start_IT  stm32h7xx_hal_dma.o
    0x080045cc   0x080045cc   0x000000b8   Code   RO           14    i.HAL_GPIO_EXTI_Callback  main.o
    0x08004684   0x08004684   0x00000018   Code   RO         1470    i.HAL_GPIO_EXTI_IRQHandler  stm32h7xx_hal_gpio.o
    0x0800469c   0x0800469c   0x0000022c   Code   RO         1471    i.HAL_GPIO_Init     stm32h7xx_hal_gpio.o
    0x080048c8   0x080048c8   0x0000000a   Code   RO         1473    i.HAL_GPIO_ReadPin  stm32h7xx_hal_gpio.o
    0x080048d2   0x080048d2   0x00000010   Code   RO         1474    i.HAL_GPIO_TogglePin  stm32h7xx_hal_gpio.o
    0x080048e2   0x080048e2   0x0000000a   Code   RO         1475    i.HAL_GPIO_WritePin  stm32h7xx_hal_gpio.o
    0x080048ec   0x080048ec   0x0000000c   Code   RO         2496    i.HAL_GetREVID      stm32h7xx_hal.o
    0x080048f8   0x080048f8   0x0000000c   Code   RO         2497    i.HAL_GetTick       stm32h7xx_hal.o
    0x08004904   0x08004904   0x00000010   Code   RO         2503    i.HAL_IncTick       stm32h7xx_hal.o
    0x08004914   0x08004914   0x0000005c   Code   RO         2504    i.HAL_Init          stm32h7xx_hal.o
    0x08004970   0x08004970   0x00000040   Code   RO         2505    i.HAL_InitTick      stm32h7xx_hal.o
    0x080049b0   0x080049b0   0x0000005c   Code   RO         2326    i.HAL_MPU_ConfigRegion  stm32h7xx_hal_cortex.o
    0x08004a0c   0x08004a0c   0x0000001c   Code   RO         2327    i.HAL_MPU_Disable   stm32h7xx_hal_cortex.o
    0x08004a28   0x08004a28   0x00000024   Code   RO         2329    i.HAL_MPU_Enable    stm32h7xx_hal_cortex.o
    0x08004a4c   0x08004a4c   0x0000003c   Code   RO          533    i.HAL_MspInit       stm32h7xx_hal_msp.o
    0x08004a88   0x08004a88   0x0000001a   Code   RO         2333    i.HAL_NVIC_EnableIRQ  stm32h7xx_hal_cortex.o
    0x08004aa2   0x08004aa2   0x00000002   PAD
    0x08004aa4   0x08004aa4   0x00000040   Code   RO         2339    i.HAL_NVIC_SetPriority  stm32h7xx_hal_cortex.o
    0x08004ae4   0x08004ae4   0x00000024   Code   RO         2340    i.HAL_NVIC_SetPriorityGrouping  stm32h7xx_hal_cortex.o
    0x08004b08   0x08004b08   0x00000054   Code   RO         2072    i.HAL_PWREx_ConfigSupply  stm32h7xx_hal_pwr_ex.o
    0x08004b5c   0x08004b5c   0x00000024   Code   RO         1114    i.HAL_RCCEx_GetD3PCLK1Freq  stm32h7xx_hal_rcc_ex.o
    0x08004b80   0x08004b80   0x00000148   Code   RO         1115    i.HAL_RCCEx_GetPLL1ClockFreq  stm32h7xx_hal_rcc_ex.o
    0x08004cc8   0x08004cc8   0x00000144   Code   RO         1116    i.HAL_RCCEx_GetPLL2ClockFreq  stm32h7xx_hal_rcc_ex.o
    0x08004e0c   0x08004e0c   0x00000144   Code   RO         1117    i.HAL_RCCEx_GetPLL3ClockFreq  stm32h7xx_hal_rcc_ex.o
    0x08004f50   0x08004f50   0x000002c8   Code   RO         1119    i.HAL_RCCEx_GetPeriphCLKFreq  stm32h7xx_hal_rcc_ex.o
    0x08005218   0x08005218   0x000009ac   Code   RO         1123    i.HAL_RCCEx_PeriphCLKConfig  stm32h7xx_hal_rcc_ex.o
    0x08005bc4   0x08005bc4   0x0000025c   Code   RO          999    i.HAL_RCC_ClockConfig  stm32h7xx_hal_rcc.o
    0x08005e20   0x08005e20   0x00000044   Code   RO         1004    i.HAL_RCC_GetHCLKFreq  stm32h7xx_hal_rcc.o
    0x08005e64   0x08005e64   0x00000024   Code   RO         1006    i.HAL_RCC_GetPCLK1Freq  stm32h7xx_hal_rcc.o
    0x08005e88   0x08005e88   0x00000024   Code   RO         1007    i.HAL_RCC_GetPCLK2Freq  stm32h7xx_hal_rcc.o
    0x08005eac   0x08005eac   0x00000138   Code   RO         1008    i.HAL_RCC_GetSysClockFreq  stm32h7xx_hal_rcc.o
    0x08005fe4   0x08005fe4   0x00000582   Code   RO         1011    i.HAL_RCC_OscConfig  stm32h7xx_hal_rcc.o
    0x08006566   0x08006566   0x00000002   PAD
    0x08006568   0x08006568   0x00000010   Code   RO         2509    i.HAL_SYSCFG_AnalogSwitchConfig  stm32h7xx_hal.o
    0x08006578   0x08006578   0x00000010   Code   RO         2515    i.HAL_SYSCFG_DisableVREFBUF  stm32h7xx_hal.o
    0x08006588   0x08006588   0x00000014   Code   RO         2520    i.HAL_SYSCFG_VREFBUF_HighImpedanceConfig  stm32h7xx_hal.o
    0x0800659c   0x0800659c   0x00000018   Code   RO         2342    i.HAL_SYSTICK_CLKSourceConfig  stm32h7xx_hal_cortex.o
    0x080065b4   0x080065b4   0x00000026   Code   RO         2344    i.HAL_SYSTICK_Config  stm32h7xx_hal_cortex.o
    0x080065da   0x080065da   0x00000002   Code   RO         4104    i.HAL_TIMEx_Break2Callback  stm32h7xx_hal_tim_ex.o
    0x080065dc   0x080065dc   0x00000002   Code   RO         4105    i.HAL_TIMEx_BreakCallback  stm32h7xx_hal_tim_ex.o
    0x080065de   0x080065de   0x00000002   Code   RO         4106    i.HAL_TIMEx_CommutCallback  stm32h7xx_hal_tim_ex.o
    0x080065e0   0x080065e0   0x000000a0   Code   RO         4108    i.HAL_TIMEx_ConfigBreakDeadTime  stm32h7xx_hal_tim_ex.o
    0x08006680   0x08006680   0x000000a4   Code   RO         4126    i.HAL_TIMEx_MasterConfigSynchronization  stm32h7xx_hal_tim_ex.o
    0x08006724   0x08006724   0x00000062   Code   RO         3390    i.HAL_TIM_Base_Init  stm32h7xx_hal_tim.o
    0x08006786   0x08006786   0x00000002   PAD
    0x08006788   0x08006788   0x00000054   Code   RO          320    i.HAL_TIM_Base_MspInit  tim.o
    0x080067dc   0x080067dc   0x00000080   Code   RO         3393    i.HAL_TIM_Base_Start  stm32h7xx_hal_tim.o
    0x0800685c   0x0800685c   0x000000fc   Code   RO         3399    i.HAL_TIM_ConfigClockSource  stm32h7xx_hal_tim.o
    0x08006958   0x08006958   0x00000002   Code   RO         3424    i.HAL_TIM_IC_CaptureCallback  stm32h7xx_hal_tim.o
    0x0800695a   0x0800695a   0x00000148   Code   RO         3438    i.HAL_TIM_IRQHandler  stm32h7xx_hal_tim.o
    0x08006aa2   0x08006aa2   0x00000002   Code   RO         3441    i.HAL_TIM_OC_DelayElapsedCallback  stm32h7xx_hal_tim.o
    0x08006aa4   0x08006aa4   0x00000124   Code   RO         3462    i.HAL_TIM_PWM_ConfigChannel  stm32h7xx_hal_tim.o
    0x08006bc8   0x08006bc8   0x00000062   Code   RO         3465    i.HAL_TIM_PWM_Init  stm32h7xx_hal_tim.o
    0x08006c2a   0x08006c2a   0x00000002   Code   RO         3467    i.HAL_TIM_PWM_MspInit  stm32h7xx_hal_tim.o
    0x08006c2c   0x08006c2c   0x00000002   Code   RO         3468    i.HAL_TIM_PWM_PulseFinishedCallback  stm32h7xx_hal_tim.o
    0x08006c2e   0x08006c2e   0x00000002   Code   RO         3476    i.HAL_TIM_PeriodElapsedCallback  stm32h7xx_hal_tim.o
    0x08006c30   0x08006c30   0x00000002   Code   RO         3481    i.HAL_TIM_TriggerCallback  stm32h7xx_hal_tim.o
    0x08006c32   0x08006c32   0x00000040   Code   RO         4815    i.HAL_UARTEx_DisableFifoMode  stm32h7xx_hal_uart_ex.o
    0x08006c72   0x08006c72   0x00000002   Code   RO         4404    i.HAL_UARTEx_RxEventCallback  stm32h7xx_hal_uart.o
    0x08006c74   0x08006c74   0x00000002   Code   RO         4823    i.HAL_UARTEx_RxFifoFullCallback  stm32h7xx_hal_uart_ex.o
    0x08006c76   0x08006c76   0x0000004c   Code   RO         4824    i.HAL_UARTEx_SetRxFifoThreshold  stm32h7xx_hal_uart_ex.o
    0x08006cc2   0x08006cc2   0x0000004c   Code   RO         4825    i.HAL_UARTEx_SetTxFifoThreshold  stm32h7xx_hal_uart_ex.o
    0x08006d0e   0x08006d0e   0x00000002   Code   RO         4827    i.HAL_UARTEx_TxFifoEmptyCallback  stm32h7xx_hal_uart_ex.o
    0x08006d10   0x08006d10   0x00000002   Code   RO         4828    i.HAL_UARTEx_WakeupCallback  stm32h7xx_hal_uart_ex.o
    0x08006d12   0x08006d12   0x00000002   Code   RO         4420    i.HAL_UART_ErrorCallback  stm32h7xx_hal_uart.o
    0x08006d14   0x08006d14   0x0000000e   Code   RO         4422    i.HAL_UART_GetState  stm32h7xx_hal_uart.o
    0x08006d22   0x08006d22   0x00000002   PAD
    0x08006d24   0x08006d24   0x0000039c   Code   RO         4423    i.HAL_UART_IRQHandler  stm32h7xx_hal_uart.o
    0x080070c0   0x080070c0   0x0000006a   Code   RO         4424    i.HAL_UART_Init     stm32h7xx_hal_uart.o
    0x0800712a   0x0800712a   0x00000002   PAD
    0x0800712c   0x0800712c   0x00000104   Code   RO          368    i.HAL_UART_MspInit  usart.o
    0x08007230   0x08007230   0x00000048   Code   RO         4429    i.HAL_UART_Receive_IT  stm32h7xx_hal_uart.o
    0x08007278   0x08007278   0x000000a4   Code   RO         5343    i.HAL_UART_RxCpltCallback  serial.o
    0x0800731c   0x0800731c   0x000000b0   Code   RO         4433    i.HAL_UART_Transmit  stm32h7xx_hal_uart.o
    0x080073cc   0x080073cc   0x00000002   Code   RO         4436    i.HAL_UART_TxCpltCallback  stm32h7xx_hal_uart.o
    0x080073ce   0x080073ce   0x00000002   Code   RO          421    i.HardFault_Handler  stm32h7xx_it.o
    0x080073d0   0x080073d0   0x00000038   Code   RO         5110    i.IO_Update         ad9959.o
    0x08007408   0x08007408   0x0000002c   Code   RO         5111    i.Init_AD9959       ad9959.o
    0x08007434   0x08007434   0x00000038   Code   RO         5112    i.IntReset          ad9959.o
    0x0800746c   0x0800746c   0x00000040   Code   RO         5113    i.Intserve          ad9959.o
    0x080074ac   0x080074ac   0x00000008   Code   RO          586    i.LL_ADC_INJ_IsConversionOngoing  stm32h7xx_hal_adc.o
    0x080074b4   0x080074b4   0x00000008   Code   RO          587    i.LL_ADC_REG_IsConversionOngoing  stm32h7xx_hal_adc.o
    0x080074bc   0x080074bc   0x00000008   Code   RO          804    i.LL_ADC_REG_IsConversionOngoing  stm32h7xx_hal_adc_ex.o
    0x080074c4   0x080074c4   0x00000010   Code   RO          588    i.LL_ADC_REG_IsTriggerSourceSWStart  stm32h7xx_hal_adc.o
    0x080074d4   0x080074d4   0x00000098   Code   RO          255    i.MX_ADC1_Init      adc.o
    0x0800756c   0x0800756c   0x0000002c   Code   RO          295    i.MX_DMA_Init       dma.o
    0x08007598   0x08007598   0x00000130   Code   RO          229    i.MX_GPIO_Init      gpio.o
    0x080076c8   0x080076c8   0x000000d8   Code   RO          321    i.MX_TIM1_Init      tim.o
    0x080077a0   0x080077a0   0x000000a0   Code   RO          322    i.MX_TIM2_Init      tim.o
    0x08007840   0x08007840   0x00000068   Code   RO          369    i.MX_UART4_Init     usart.o
    0x080078a8   0x080078a8   0x00000068   Code   RO          370    i.MX_UART5_Init     usart.o
    0x08007910   0x08007910   0x00000002   Code   RO          422    i.MemManage_Handler  stm32h7xx_it.o
    0x08007912   0x08007912   0x00000002   Code   RO          423    i.NMI_Handler       stm32h7xx_it.o
    0x08007914   0x08007914   0x00000002   Code   RO          424    i.PendSV_Handler    stm32h7xx_it.o
    0x08007916   0x08007916   0x00000002   PAD
    0x08007918   0x08007918   0x00000120   Code   RO         1126    i.RCCEx_PLL2_Config  stm32h7xx_hal_rcc_ex.o
    0x08007a38   0x08007a38   0x00000120   Code   RO         1127    i.RCCEx_PLL3_Config  stm32h7xx_hal_rcc_ex.o
    0x08007b58   0x08007b58   0x00000002   Code   RO          425    i.SVC_Handler       stm32h7xx_it.o
    0x08007b5a   0x08007b5a   0x00000002   PAD
    0x08007b5c   0x08007b5c   0x00000094   Code   RO         5344    i.Screen_SendArr    serial.o
    0x08007bf0   0x08007bf0   0x000000cc   Code   RO         5345    i.Screen_SendArrToShow  serial.o
    0x08007cbc   0x08007cbc   0x00000094   Code   RO         5348    i.Screen_SendStr    serial.o
    0x08007d50   0x08007d50   0x0000001a   Code   RO         5352    i.Serial_SendArr    serial.o
    0x08007d6a   0x08007d6a   0x00000002   PAD
    0x08007d6c   0x08007d6c   0x00000024   Code   RO         5354    i.Serial_SendByte   serial.o
    0x08007d90   0x08007d90   0x00000024   Code   RO         5355    i.Serial_SendByte_t  serial.o
    0x08007db4   0x08007db4   0x00000018   Code   RO         5357    i.Serial_SendStr    serial.o
    0x08007dcc   0x08007dcc   0x0000001c   Code   RO         5358    i.Serial_SendStr_t  serial.o
    0x08007de8   0x08007de8   0x0000001c   Code   RO         5359    i.Serial_printf     serial.o
    0x08007e04   0x08007e04   0x00000022   Code   RO         5360    i.Serial_printf_t   serial.o
    0x08007e26   0x08007e26   0x00000004   Code   RO          426    i.SysTick_Handler   stm32h7xx_it.o
    0x08007e2a   0x08007e2a   0x00000002   PAD
    0x08007e2c   0x08007e2c   0x000000a8   Code   RO           15    i.SystemClock_Config  main.o
    0x08007ed4   0x08007ed4   0x000000f8   Code   RO         4935    i.SystemInit        system_stm32h7xx.o
    0x08007fcc   0x08007fcc   0x0000000c   Code   RO          427    i.TIM1_UP_IRQHandler  stm32h7xx_it.o
    0x08007fd8   0x08007fd8   0x000000cc   Code   RO         3483    i.TIM_Base_SetConfig  stm32h7xx_hal_tim.o
    0x080080a4   0x080080a4   0x00000012   Code   RO         3494    i.TIM_ETR_SetConfig  stm32h7xx_hal_tim.o
    0x080080b6   0x080080b6   0x00000002   PAD
    0x080080b8   0x080080b8   0x00000014   Code   RO         3495    i.TIM_ITRx_SetConfig  stm32h7xx_hal_tim.o
    0x080080cc   0x080080cc   0x000000a4   Code   RO         3496    i.TIM_OC1_SetConfig  stm32h7xx_hal_tim.o
    0x08008170   0x08008170   0x00000098   Code   RO         3497    i.TIM_OC2_SetConfig  stm32h7xx_hal_tim.o
    0x08008208   0x08008208   0x00000098   Code   RO         3498    i.TIM_OC3_SetConfig  stm32h7xx_hal_tim.o
    0x080082a0   0x080082a0   0x00000078   Code   RO         3499    i.TIM_OC4_SetConfig  stm32h7xx_hal_tim.o
    0x08008318   0x08008318   0x00000074   Code   RO         3500    i.TIM_OC5_SetConfig  stm32h7xx_hal_tim.o
    0x0800838c   0x0800838c   0x00000074   Code   RO         3501    i.TIM_OC6_SetConfig  stm32h7xx_hal_tim.o
    0x08008400   0x08008400   0x00000022   Code   RO         3503    i.TIM_TI1_ConfigInputStage  stm32h7xx_hal_tim.o
    0x08008422   0x08008422   0x00000024   Code   RO         3505    i.TIM_TI2_ConfigInputStage  stm32h7xx_hal_tim.o
    0x08008446   0x08008446   0x00000002   PAD
    0x08008448   0x08008448   0x0000004c   Code   RO          428    i.UART4_IRQHandler  stm32h7xx_it.o
    0x08008494   0x08008494   0x0000004c   Code   RO          429    i.UART5_IRQHandler  stm32h7xx_it.o
    0x080084e0   0x080084e0   0x00000044   Code   RO         4829    i.UARTEx_SetNbDataToProcess  stm32h7xx_hal_uart_ex.o
    0x08008524   0x08008524   0x000000c8   Code   RO         4438    i.UART_AdvFeatureConfig  stm32h7xx_hal_uart.o
    0x080085ec   0x080085ec   0x000000aa   Code   RO         4439    i.UART_CheckIdleState  stm32h7xx_hal_uart.o
    0x08008696   0x08008696   0x00000010   Code   RO         4440    i.UART_DMAAbortOnError  stm32h7xx_hal_uart.o
    0x080086a6   0x080086a6   0x00000002   PAD
    0x080086a8   0x080086a8   0x00000054   Code   RO         4450    i.UART_EndRxTransfer  stm32h7xx_hal_uart.o
    0x080086fc   0x080086fc   0x000000c8   Code   RO         4452    i.UART_RxISR_16BIT  stm32h7xx_hal_uart.o
    0x080087c4   0x080087c4   0x000001a0   Code   RO         4453    i.UART_RxISR_16BIT_FIFOEN  stm32h7xx_hal_uart.o
    0x08008964   0x08008964   0x000000c8   Code   RO         4454    i.UART_RxISR_8BIT   stm32h7xx_hal_uart.o
    0x08008a2c   0x08008a2c   0x000001a0   Code   RO         4455    i.UART_RxISR_8BIT_FIFOEN  stm32h7xx_hal_uart.o
    0x08008bcc   0x08008bcc   0x000003ac   Code   RO         4456    i.UART_SetConfig    stm32h7xx_hal_uart.o
    0x08008f78   0x08008f78   0x00000110   Code   RO         4458    i.UART_Start_Receive_IT  stm32h7xx_hal_uart.o
    0x08009088   0x08009088   0x00000094   Code   RO         4463    i.UART_WaitOnFlagUntilTimeout  stm32h7xx_hal_uart.o
    0x0800911c   0x0800911c   0x00000002   Code   RO          430    i.UsageFault_Handler  stm32h7xx_it.o
    0x0800911e   0x0800911e   0x00000002   PAD
    0x08009120   0x08009120   0x000000c4   Code   RO         5114    i.WriteData_AD9959  ad9959.o
    0x080091e4   0x080091e4   0x0000005c   Code   RO         5115    i.Write_Amplitude   ad9959.o
    0x08009240   0x08009240   0x00000074   Code   RO         5116    i.Write_Phase       ad9959.o
    0x080092b4   0x080092b4   0x00000088   Code   RO         5117    i.Write_frequence   ad9959.o
    0x0800933c   0x0800933c   0x00000030   Code   RO         5698    i.__ARM_fpclassify  m_wv.l(fpclassify.o)
    0x0800936c   0x0800936c   0x00000022   Code   RO         2346    i.__NVIC_SetPriority  stm32h7xx_hal_cortex.o
    0x0800938e   0x0800938e   0x0000000e   Code   RO         5568    i._is_digit         c_w.l(__printf_wp.o)
    0x0800939c   0x0800939c   0x0000000c   Code   RO         5118    i.delay1            ad9959.o
    0x080093a8   0x080093a8   0x00000014   Code   RO         5214    i.delay_init        delay.o
    0x080093bc   0x080093bc   0x0000001a   Code   RO         5215    i.delay_ms          delay.o
    0x080093d6   0x080093d6   0x00000002   PAD
    0x080093d8   0x080093d8   0x00000034   Code   RO         5216    i.delay_us          delay.o
    0x0800940c   0x0800940c   0x00000148   Code   RO           16    i.main              main.o
    0x08009554   0x08009554   0x00000060   Code   RO         5362    i.print4screen      serial.o
    0x080095b4   0x080095b4   0x0000007c   Code   RO         5363    i.print4serial      serial.o
    0x08009630   0x08009630   0x0000002c   Code   RO         5681    locale$$code        c_w.l(lc_numeric_c.o)
    0x0800965c   0x0800965c   0x0000002c   Code   RO         5708    locale$$code        c_w.l(lc_ctype_c.o)
    0x08009688   0x08009688   0x0000000a   Code   RO         5776    x$fpl$fpinit        fz_wv.l(fpinit.o)
    0x08009692   0x08009692   0x00000004   Code   RO         5601    x$fpl$printf1       fz_wv.l(printf1.o)
    0x08009696   0x08009696   0x00000004   Code   RO         5603    x$fpl$printf2       fz_wv.l(printf2.o)
    0x0800969a   0x0800969a   0x00000000   Code   RO         5697    x$fpl$usenofp       fz_wv.l(usenofp.o)
    0x0800969a   0x0800969a   0x00000008   Data   RO         1635    .constdata          stm32h7xx_hal_dma.o
    0x080096a2   0x080096a2   0x00000018   Data   RO         4464    .constdata          stm32h7xx_hal_uart.o
    0x080096ba   0x080096ba   0x00000010   Data   RO         4830    .constdata          stm32h7xx_hal_uart_ex.o
    0x080096ca   0x080096ca   0x00000010   Data   RO         4936    .constdata          system_stm32h7xx.o
    0x080096da   0x080096da   0x00000002   PAD
    0x080096dc   0x080096dc   0x00000008   Data   RO         5527    .constdata          c_w.l(_printf_wctomb.o)
    0x080096e4   0x080096e4   0x00000028   Data   RO         5556    .constdata          c_w.l(_printf_hex_int_ll_ptr.o)
    0x0800970c   0x0800970c   0x00000011   Data   RO         5576    .constdata          c_w.l(__printf_flags_ss_wp.o)
    0x0800971d   0x0800971d   0x00000026   Data   RO         5633    .constdata          c_w.l(_printf_fp_hex.o)
    0x08009743   0x08009743   0x00000001   PAD
    0x08009744   0x08009744   0x00000094   Data   RO         5656    .constdata          c_w.l(bigflt0.o)
    0x080097d8   0x080097d8   0x00000020   Data   RO         5832    Region$$Table       anon$$obj.o
    0x080097f8   0x080097f8   0x0000001c   Data   RO         5680    locale$$data        c_w.l(lc_numeric_c.o)
    0x08009814   0x08009814   0x00000110   Data   RO         5707    locale$$data        c_w.l(lc_ctype_c.o)


    Execution Region RW_IRAM1 (Exec base: 0x20000000, Load base: 0x08009924, Size: 0x00000000, Max: 0x00020000, ABSOLUTE)

    **** No section assigned to this execution region ****


    Execution Region RW_IRAM2 (Exec base: 0x24000000, Load base: 0x08009924, Size: 0x00002180, Max: 0x00080000, ABSOLUTE)

    Exec Addr    Load Addr    Size         Type   Attr      Idx    E Section Name        Object

    0x24000000   0x08009924   0x00000008   Data   RW           17    .data               main.o
    0x24000008   0x0800992c   0x0000000c   Data   RW         2526    .data               stm32h7xx_hal.o
    0x24000014   0x08009938   0x00000008   Data   RW         4937    .data               system_stm32h7xx.o
    0x2400001c   0x08009940   0x00000004   Data   RW         4980    .data               adc_custom.o
    0x24000020   0x08009944   0x0000000b   Data   RW         5119    .data               ad9959.o
    0x2400002b   0x0800994f   0x00000001   PAD
    0x2400002c   0x08009950   0x00000004   Data   RW         5217    .data               delay.o
    0x24000030   0x08009954   0x00000001   Data   RW         5252    .data               key2.o
    0x24000031   0x08009955   0x00000001   Data   RW         5253    .data               key2.o
    0x24000032   0x08009956   0x00000002   PAD
    0x24000034   0x08009958   0x00000014   Data   RW         5365    .data               serial.o
    0x24000048        -       0x000000dc   Zero   RW          256    .bss                adc.o
    0x24000124        -       0x00000098   Zero   RW          323    .bss                tim.o
    0x240001bc        -       0x00000128   Zero   RW          371    .bss                usart.o
    0x240002e4        -       0x00000c80   Zero   RW         4979    .bss                adc_custom.o
    0x24000f64        -       0x00000bb8   Zero   RW         5364    .bss                serial.o
    0x24001b1c        -       0x00000060   Zero   RW         5701    .bss                c_w.l(libspace.o)
    0x24001b7c   0x0800996c   0x00000004   PAD
    0x24001b80        -       0x00000200   Zero   RW            2    HEAP                startup_stm32h750xx.o
    0x24001d80        -       0x00000400   Zero   RW            1    STACK               startup_stm32h750xx.o


==============================================================================

Image component sizes


      Code (inc. data)   RO Data    RW Data    ZI Data      Debug   Object Name

       904         60          0         11          0       9062   ad9959.o
       412         36          0          0        220       2071   adc.o
       336        108          0          4       3200       2703   adc_custom.o
        98          8          0          4          0       1979   delay.o
        44          4          0          0          0        798   dma.o
       304         20          0          0          0       1099   gpio.o
         0          0          0          2          0        270   key2.o
       684        152          0          8          0    1342801   main.o
      1096        210          0         20       3000      10493   serial.o
        72         30        664          0       1536        860   startup_stm32h750xx.o
       248         54          0         12          0      24665   stm32h7xx_hal.o
      3136        274          0          0          0      76104   stm32h7xx_hal_adc.o
       314         22          0          0          0      66092   stm32h7xx_hal_adc_ex.o
       378         28          0          0          0      42515   stm32h7xx_hal_cortex.o
      5988        246          8          0          0      11954   stm32h7xx_hal_dma.o
       616         50          0          0          0       4219   stm32h7xx_hal_gpio.o
        60          4          0          0          0        890   stm32h7xx_hal_msp.o
        84          6          0          0          0        801   stm32h7xx_hal_pwr_ex.o
      2466        102          0          0          0       7144   stm32h7xx_hal_rcc.o
      4776        174          0          0          0      10579   stm32h7xx_hal_rcc_ex.o
      2340        234          0          0          0      18075   stm32h7xx_hal_tim.o
       330         40          0          0          0       4112   stm32h7xx_hal_tim_ex.o
      4360        196         24          0          0      38322   stm32h7xx_hal_uart.o
       290          6         16          0          0       5498   stm32h7xx_hal_uart_ex.o
       244         66          0          0          0       8010   stm32h7xx_it.o
       276         48         16          8          0       1941   system_stm32h7xx.o
       460         22          0          0        152       2715   tim.o
       468         36          0          0        296       2647   usart.o

    ----------------------------------------------------------------------
     30824       2236        762         72       8404    1698419   Object Totals
         0          0         32          0          0          0   (incl. Generated)
        40          0          2          3          0          0   (incl. Padding)

    ----------------------------------------------------------------------

      Code (inc. data)   RO Data    RW Data    ZI Data      Debug   Library Member Name

         8          0          0          0          0         68   __main.o
       392          4         17          0          0         92   __printf_flags_ss_wp.o
        14          0          0          0          0         68   __printf_wp.o
         0          0          0          0          0          0   __rtentry.o
        12          0          0          0          0          0   __rtentry2.o
         6          0          0          0          0          0   __rtentry4.o
        52          8          0          0          0          0   __scatter.o
        26          0          0          0          0          0   __scatter_copy.o
        28          0          0          0          0          0   __scatter_zi.o
         6          0          0          0          0          0   _printf_a.o
         6          0          0          0          0          0   _printf_c.o
        44          0          0          0          0        108   _printf_char.o
        48          6          0          0          0         96   _printf_char_common.o
        40          0          0          0          0         68   _printf_charcount.o
         6          0          0          0          0          0   _printf_d.o
       120         16          0          0          0         92   _printf_dec.o
         6          0          0          0          0          0   _printf_e.o
         6          0          0          0          0          0   _printf_f.o
      1054          0          0          0          0        216   _printf_fp_dec.o
       764          8         38          0          0        100   _printf_fp_hex.o
       128         16          0          0          0         84   _printf_fp_infnan.o
         6          0          0          0          0          0   _printf_g.o
       148          4         40          0          0        160   _printf_hex_int_ll_ptr.o
         6          0          0          0          0          0   _printf_i.o
       178          0          0          0          0         88   _printf_intcommon.o
        10          0          0          0          0          0   _printf_l.o
         6          0          0          0          0          0   _printf_lc.o
        10          0          0          0          0          0   _printf_ll.o
         6          0          0          0          0          0   _printf_lld.o
         6          0          0          0          0          0   _printf_lli.o
         6          0          0          0          0          0   _printf_llo.o
         6          0          0          0          0          0   _printf_llu.o
         6          0          0          0          0          0   _printf_llx.o
       124         16          0          0          0         92   _printf_longlong_dec.o
         6          0          0          0          0          0   _printf_ls.o
         6          0          0          0          0          0   _printf_n.o
         6          0          0          0          0          0   _printf_o.o
       112         10          0          0          0        124   _printf_oct_int_ll.o
         6          0          0          0          0          0   _printf_p.o
        78          0          0          0          0        108   _printf_pad.o
         0          0          0          0          0          0   _printf_percent.o
         4          0          0          0          0          0   _printf_percent_end.o
         6          0          0          0          0          0   _printf_s.o
        82          0          0          0          0         80   _printf_str.o
        36          0          0          0          0         84   _printf_truncate.o
         6          0          0          0          0          0   _printf_u.o
        44          0          0          0          0        108   _printf_wchar.o
       188          6          8          0          0         92   _printf_wctomb.o
         6          0          0          0          0          0   _printf_x.o
        10          0          0          0          0         68   _sputc.o
        64          0          0          0          0         92   _wcrtomb.o
       228          4        148          0          0         96   bigflt0.o
      1936        128          0          0          0        672   btod.o
        18          0          0          0          0         80   exit.o
         6          0          0          0          0        152   heapauxi.o
         0          0          0          0          0          0   indicate_semi.o
        44         10        272          0          0         76   lc_ctype_c.o
        44         10         28          0          0         76   lc_numeric_c.o
         2          0          0          0          0          0   libinit.o
        34          0          0          0          0          0   libinit2.o
         2          0          0          0          0          0   libshutdown.o
         2          0          0          0          0          0   libshutdown2.o
         8          4          0          0         96         68   libspace.o
       138          0          0          0          0         80   lludiv10.o
       238          0          0          0          0        100   lludivv7m.o
        16          4          0          0          0         76   rt_ctype_table.o
         8          4          0          0          0         68   rt_locale_intlibspace.o
        78          0          0          0          0         80   rt_memclr_w.o
         2          0          0          0          0          0   rtexit.o
        10          0          0          0          0          0   rtexit2.o
       104          0          0          0          0         68   strcmpv7m_pel.o
        12          4          0          0          0         68   sys_exit.o
        74          0          0          0          0         80   sys_stackheap_outer.o
         2          0          0          0          0         68   use_no_semi.o
        36          4          0          0          0         76   vsprintf.o
        10          0          0          0          0        116   fpinit.o
         4          0          0          0          0        116   printf1.o
         4          0          0          0          0        116   printf2.o
         0          0          0          0          0          0   usenofp.o
        48          0          0          0          0        124   fpclassify.o

    ----------------------------------------------------------------------
      7066        266        552          0        100       4544   Library Totals
        14          0          1          0          4          0   (incl. Padding)

    ----------------------------------------------------------------------

      Code (inc. data)   RO Data    RW Data    ZI Data      Debug   Library Name

      6986        266        551          0         96       4072   c_w.l
        18          0          0          0          0        348   fz_wv.l
        48          0          0          0          0        124   m_wv.l

    ----------------------------------------------------------------------
      7066        266        552          0        100       4544   Library Totals

    ----------------------------------------------------------------------

==============================================================================


      Code (inc. data)   RO Data    RW Data    ZI Data      Debug   

     37890       2502       1314         72       8504    1682779   Grand Totals
     37890       2502       1314         72       8504    1682779   ELF Image Totals
     37890       2502       1314         72          0          0   ROM Totals

==============================================================================

    Total RO  Size (Code + RO Data)                39204 (  38.29kB)
    Total RW  Size (RW Data + ZI Data)              8576 (   8.38kB)
    Total ROM Size (Code + RO Data + RW Data)      39276 (  38.36kB)

==============================================================================

